2025-05-21 22:14:10,329 - INFO - HTML animation saved to /Users/goomini/Documents/GitHub/thr-to-gif/Patterns/batarang/batarang.html
2025-05-21 22:14:10,329 - INFO - Exporting to GIF: /Users/goomini/Documents/GitHub/thr-to-gif/Patterns/batarang/batarang.gif ...
2025-05-21 22:15:06,203 - INFO - GIF export completed: /Users/goomini/Documents/GitHub/thr-to-gif/Patterns/batarang/batarang.gif
2025-05-21 22:15:06,360 - INFO - HTML animation saved to /Users/goomini/Documents/GitHub/thr-to-gif/Patterns/BinarySupport/BinarySupport.html
2025-05-21 22:15:06,360 - INFO - Exporting to GIF: /Users/goomini/Documents/GitHub/thr-to-gif/Patterns/BinarySupport/BinarySupport.gif ...
2025-05-21 22:16:07,704 - INFO - GIF export completed: /Users/goomini/Documents/GitHub/thr-to-gif/Patterns/BinarySupport/BinarySupport.gif
2025-05-21 22:16:07,836 - INFO - HTML animation saved to /Users/goomini/Documents/GitHub/thr-to-gif/Patterns/blue_jay/blue_jay.html
2025-05-21 22:16:07,836 - INFO - Exporting to GIF: /Users/goomini/Documents/GitHub/thr-to-gif/Patterns/blue_jay/blue_jay.gif ...
2025-05-21 22:17:00,772 - INFO - GIF export completed: /Users/goomini/Documents/GitHub/thr-to-gif/Patterns/blue_jay/blue_jay.gif
2025-05-21 22:17:00,867 - INFO - HTML animation saved to /Users/goomini/Documents/GitHub/thr-to-gif/Patterns/boo_mario/boo_mario.html
2025-05-21 22:17:00,867 - INFO - Exporting to GIF: /Users/goomini/Documents/GitHub/thr-to-gif/Patterns/boo_mario/boo_mario.gif ...
2025-05-21 22:17:52,844 - INFO - GIF export completed: /Users/goomini/Documents/GitHub/thr-to-gif/Patterns/boo_mario/boo_mario.gif
2025-05-21 22:17:52,999 - INFO - HTML animation saved to /Users/goomini/Documents/GitHub/thr-to-gif/Patterns/BunchOfValentines/BunchOfValentines.html
2025-05-21 22:17:52,999 - INFO - Exporting to GIF: /Users/goomini/Documents/GitHub/thr-to-gif/Patterns/BunchOfValentines/BunchOfValentines.gif ...
2025-05-21 22:18:53,776 - INFO - GIF export completed: /Users/goomini/Documents/GitHub/thr-to-gif/Patterns/BunchOfValentines/BunchOfValentines.gif
2025-05-21 22:18:53,902 - INFO - HTML animation saved to /Users/goomini/Documents/GitHub/thr-to-gif/Patterns/clear_from_in_FINE/clear_from_in_FINE.html
2025-05-21 22:18:53,902 - INFO - Exporting to GIF: /Users/goomini/Documents/GitHub/thr-to-gif/Patterns/clear_from_in_FINE/clear_from_in_FINE.gif ...
2025-05-21 22:19:48,019 - INFO - GIF export completed: /Users/goomini/Documents/GitHub/thr-to-gif/Patterns/clear_from_in_FINE/clear_from_in_FINE.gif
2025-05-21 22:19:48,196 - INFO - HTML animation saved to /Users/goomini/Documents/GitHub/thr-to-gif/Patterns/clear_from_in_Ultra/clear_from_in_Ultra.html
2025-05-21 22:19:48,197 - INFO - Exporting to GIF: /Users/goomini/Documents/GitHub/thr-to-gif/Patterns/clear_from_in_Ultra/clear_from_in_Ultra.gif ...
2025-05-21 22:20:50,222 - INFO - GIF export completed: /Users/goomini/Documents/GitHub/thr-to-gif/Patterns/clear_from_in_Ultra/clear_from_in_Ultra.gif
2025-05-21 22:20:50,417 - INFO - HTML animation saved to /Users/goomini/Documents/GitHub/thr-to-gif/Patterns/clear_from_out_Ultra/clear_from_out_Ultra.html
2025-05-21 22:20:50,417 - INFO - Exporting to GIF: /Users/goomini/Documents/GitHub/thr-to-gif/Patterns/clear_from_out_Ultra/clear_from_out_Ultra.gif ...
2025-05-21 22:21:53,339 - INFO - GIF export completed: /Users/goomini/Documents/GitHub/thr-to-gif/Patterns/clear_from_out_Ultra/clear_from_out_Ultra.gif
2025-05-21 22:21:53,633 - INFO - HTML animation saved to /Users/goomini/Documents/GitHub/thr-to-gif/Patterns/death_star/death_star.html
2025-05-21 22:21:53,633 - INFO - Exporting to GIF: /Users/goomini/Documents/GitHub/thr-to-gif/Patterns/death_star/death_star.gif ...
2025-05-21 22:26:39,077 - INFO - GIF export completed: /Users/goomini/Documents/GitHub/thr-to-gif/Patterns/death_star/death_star.gif
2025-05-21 22:26:39,181 - INFO - HTML animation saved to /Users/goomini/Documents/GitHub/thr-to-gif/Patterns/deer/deer.html
2025-05-21 22:26:39,181 - INFO - Exporting to GIF: /Users/goomini/Documents/GitHub/thr-to-gif/Patterns/deer/deer.gif ...
2025-05-21 22:27:31,086 - INFO - GIF export completed: /Users/goomini/Documents/GitHub/thr-to-gif/Patterns/deer/deer.gif
2025-05-21 22:27:31,189 - INFO - HTML animation saved to /Users/goomini/Documents/GitHub/thr-to-gif/Patterns/donkey_kong_2/donkey_kong_2.html
2025-05-21 22:27:31,189 - INFO - Exporting to GIF: /Users/goomini/Documents/GitHub/thr-to-gif/Patterns/donkey_kong_2/donkey_kong_2.gif ...
2025-05-21 22:28:23,199 - INFO - GIF export completed: /Users/goomini/Documents/GitHub/thr-to-gif/Patterns/donkey_kong_2/donkey_kong_2.gif
2025-05-21 22:28:23,339 - INFO - HTML animation saved to /Users/goomini/Documents/GitHub/thr-to-gif/Patterns/donkey_kong/donkey_kong.html
2025-05-21 22:28:23,339 - INFO - Exporting to GIF: /Users/goomini/Documents/GitHub/thr-to-gif/Patterns/donkey_kong/donkey_kong.gif ...
2025-05-21 22:29:15,959 - INFO - GIF export completed: /Users/goomini/Documents/GitHub/thr-to-gif/Patterns/donkey_kong/donkey_kong.gif
2025-05-21 22:29:16,111 - INFO - HTML animation saved to /Users/goomini/Documents/GitHub/thr-to-gif/Patterns/HeartSunshine/HeartSunshine.html
2025-05-21 22:29:16,111 - INFO - Exporting to GIF: /Users/goomini/Documents/GitHub/thr-to-gif/Patterns/HeartSunshine/HeartSunshine.gif ...
2025-05-21 22:30:10,404 - INFO - GIF export completed: /Users/goomini/Documents/GitHub/thr-to-gif/Patterns/HeartSunshine/HeartSunshine.gif
2025-05-21 22:30:10,524 - INFO - HTML animation saved to /Users/goomini/Documents/GitHub/thr-to-gif/Patterns/hydraoctopus/hydraoctopus.html
2025-05-21 22:30:10,524 - INFO - Exporting to GIF: /Users/goomini/Documents/GitHub/thr-to-gif/Patterns/hydraoctopus/hydraoctopus.gif ...
2025-05-21 22:31:02,558 - INFO - GIF export completed: /Users/goomini/Documents/GitHub/thr-to-gif/Patterns/hydraoctopus/hydraoctopus.gif
2025-05-21 22:31:02,672 - INFO - HTML animation saved to /Users/goomini/Documents/GitHub/thr-to-gif/Patterns/ice_maiden2/ice_maiden2.html
2025-05-21 22:31:02,672 - INFO - Exporting to GIF: /Users/goomini/Documents/GitHub/thr-to-gif/Patterns/ice_maiden2/ice_maiden2.gif ...
2025-05-21 22:31:55,584 - INFO - GIF export completed: /Users/goomini/Documents/GitHub/thr-to-gif/Patterns/ice_maiden2/ice_maiden2.gif
2025-05-21 22:31:55,697 - INFO - HTML animation saved to /Users/goomini/Documents/GitHub/thr-to-gif/Patterns/icemaiden/icemaiden.html
2025-05-21 22:31:55,697 - INFO - Exporting to GIF: /Users/goomini/Documents/GitHub/thr-to-gif/Patterns/icemaiden/icemaiden.gif ...
2025-05-21 22:32:48,706 - INFO - GIF export completed: /Users/goomini/Documents/GitHub/thr-to-gif/Patterns/icemaiden/icemaiden.gif
2025-05-21 22:32:48,808 - WARNING - Line 1 in /Users/goomini/Documents/GitHub/thr-to-gif/Patterns/inwards_sunburst.thr has invalid format: // numberOfWaves= 7
2025-05-21 22:32:48,808 - WARNING - Line 2 in /Users/goomini/Documents/GitHub/thr-to-gif/Patterns/inwards_sunburst.thr has invalid format: // numberOfBurstsBase= 10
2025-05-21 22:32:48,808 - WARNING - Line 3 in /Users/goomini/Documents/GitHub/thr-to-gif/Patterns/inwards_sunburst.thr has invalid format: // numberOfBurstsMin= 4
2025-05-21 22:32:48,808 - WARNING - Line 4 in /Users/goomini/Documents/GitHub/thr-to-gif/Patterns/inwards_sunburst.thr has invalid format: // numberOfRaysBase= 20
2025-05-21 22:32:48,808 - WARNING - Line 5 in /Users/goomini/Documents/GitHub/thr-to-gif/Patterns/inwards_sunburst.thr has invalid format: // numberOfRaysMin= 4
2025-05-21 22:32:48,808 - WARNING - Line 6 in /Users/goomini/Documents/GitHub/thr-to-gif/Patterns/inwards_sunburst.thr has invalid format: // rhoVariance= 0.1
2025-05-21 22:32:48,808 - WARNING - Line 7 in /Users/goomini/Documents/GitHub/thr-to-gif/Patterns/inwards_sunburst.thr has invalid format: // thetaVariance= 0.20943951023931953
2025-05-21 22:32:48,817 - INFO - HTML animation saved to /Users/goomini/Documents/GitHub/thr-to-gif/Patterns/inwards_sunburst/inwards_sunburst.html
2025-05-21 22:32:48,818 - INFO - Exporting to GIF: /Users/goomini/Documents/GitHub/thr-to-gif/Patterns/inwards_sunburst/inwards_sunburst.gif ...
2025-05-21 22:33:55,285 - INFO - GIF export completed: /Users/goomini/Documents/GitHub/thr-to-gif/Patterns/inwards_sunburst/inwards_sunburst.gif
2025-05-21 22:33:55,439 - INFO - HTML animation saved to /Users/goomini/Documents/GitHub/thr-to-gif/Patterns/kirby/kirby.html
2025-05-21 22:33:55,439 - INFO - Exporting to GIF: /Users/goomini/Documents/GitHub/thr-to-gif/Patterns/kirby/kirby.gif ...
2025-05-21 22:34:48,415 - INFO - GIF export completed: /Users/goomini/Documents/GitHub/thr-to-gif/Patterns/kirby/kirby.gif
2025-05-21 22:34:48,589 - INFO - HTML animation saved to /Users/goomini/Documents/GitHub/thr-to-gif/Patterns/link_copy/link_copy.html
2025-05-21 22:34:48,589 - INFO - Exporting to GIF: /Users/goomini/Documents/GitHub/thr-to-gif/Patterns/link_copy/link_copy.gif ...
2025-05-21 22:35:42,964 - INFO - GIF export completed: /Users/goomini/Documents/GitHub/thr-to-gif/Patterns/link_copy/link_copy.gif
2025-05-21 22:35:43,077 - INFO - HTML animation saved to /Users/goomini/Documents/GitHub/thr-to-gif/Patterns/Lion new/Lion new.html
2025-05-21 22:35:43,077 - INFO - Exporting to GIF: /Users/goomini/Documents/GitHub/thr-to-gif/Patterns/Lion new/Lion new.gif ...
2025-05-21 22:36:35,795 - INFO - GIF export completed: /Users/goomini/Documents/GitHub/thr-to-gif/Patterns/Lion new/Lion new.gif
2025-05-21 22:36:35,945 - INFO - HTML animation saved to /Users/goomini/Documents/GitHub/thr-to-gif/Patterns/LongwoodWarrenHants/LongwoodWarrenHants.html
2025-05-21 22:36:35,945 - INFO - Exporting to GIF: /Users/goomini/Documents/GitHub/thr-to-gif/Patterns/LongwoodWarrenHants/LongwoodWarrenHants.gif ...
2025-05-21 22:37:36,587 - INFO - GIF export completed: /Users/goomini/Documents/GitHub/thr-to-gif/Patterns/LongwoodWarrenHants/LongwoodWarrenHants.gif
2025-05-21 22:37:36,706 - INFO - HTML animation saved to /Users/goomini/Documents/GitHub/thr-to-gif/Patterns/mario/mario.html
2025-05-21 22:37:36,707 - INFO - Exporting to GIF: /Users/goomini/Documents/GitHub/thr-to-gif/Patterns/mario/mario.gif ...
2025-05-21 22:38:29,197 - INFO - GIF export completed: /Users/goomini/Documents/GitHub/thr-to-gif/Patterns/mario/mario.gif
2025-05-21 22:38:29,294 - INFO - HTML animation saved to /Users/goomini/Documents/GitHub/thr-to-gif/Patterns/mario2/mario2.html
2025-05-21 22:38:29,294 - INFO - Exporting to GIF: /Users/goomini/Documents/GitHub/thr-to-gif/Patterns/mario2/mario2.gif ...
2025-05-21 22:39:21,487 - INFO - GIF export completed: /Users/goomini/Documents/GitHub/thr-to-gif/Patterns/mario2/mario2.gif
2025-05-21 22:39:21,574 - INFO - HTML animation saved to /Users/goomini/Documents/GitHub/thr-to-gif/Patterns/octopus/octopus.html
2025-05-21 22:39:21,574 - INFO - Exporting to GIF: /Users/goomini/Documents/GitHub/thr-to-gif/Patterns/octopus/octopus.gif ...
2025-05-21 22:40:14,339 - INFO - GIF export completed: /Users/goomini/Documents/GitHub/thr-to-gif/Patterns/octopus/octopus.gif
2025-05-21 22:40:14,427 - INFO - HTML animation saved to /Users/goomini/Documents/GitHub/thr-to-gif/Patterns/pacman/pacman.html
2025-05-21 22:40:14,427 - INFO - Exporting to GIF: /Users/goomini/Documents/GitHub/thr-to-gif/Patterns/pacman/pacman.gif ...
2025-05-21 22:41:06,982 - INFO - GIF export completed: /Users/goomini/Documents/GitHub/thr-to-gif/Patterns/pacman/pacman.gif
2025-05-21 22:41:07,067 - INFO - HTML animation saved to /Users/goomini/Documents/GitHub/thr-to-gif/Patterns/pacman2_copy_2/pacman2_copy_2.html
2025-05-21 22:41:07,067 - INFO - Exporting to GIF: /Users/goomini/Documents/GitHub/thr-to-gif/Patterns/pacman2_copy_2/pacman2_copy_2.gif ...
2025-05-21 22:41:59,731 - INFO - GIF export completed: /Users/goomini/Documents/GitHub/thr-to-gif/Patterns/pacman2_copy_2/pacman2_copy_2.gif
2025-05-21 22:41:59,846 - INFO - HTML animation saved to /Users/goomini/Documents/GitHub/thr-to-gif/Patterns/RaisedStar/RaisedStar.html
2025-05-21 22:41:59,846 - INFO - Exporting to GIF: /Users/goomini/Documents/GitHub/thr-to-gif/Patterns/RaisedStar/RaisedStar.gif ...
2025-05-21 22:42:52,128 - INFO - GIF export completed: /Users/goomini/Documents/GitHub/thr-to-gif/Patterns/RaisedStar/RaisedStar.gif
2025-05-21 22:42:52,282 - INFO - HTML animation saved to /Users/goomini/Documents/GitHub/thr-to-gif/Patterns/SecretGarden/SecretGarden.html
2025-05-21 22:42:52,282 - INFO - Exporting to GIF: /Users/goomini/Documents/GitHub/thr-to-gif/Patterns/SecretGarden/SecretGarden.gif ...
2025-05-21 22:43:53,174 - INFO - GIF export completed: /Users/goomini/Documents/GitHub/thr-to-gif/Patterns/SecretGarden/SecretGarden.gif
2025-05-21 22:43:53,258 - INFO - HTML animation saved to /Users/goomini/Documents/GitHub/thr-to-gif/Patterns/shaggy/shaggy.html
2025-05-21 22:43:53,258 - INFO - Exporting to GIF: /Users/goomini/Documents/GitHub/thr-to-gif/Patterns/shaggy/shaggy.gif ...
2025-05-21 22:44:45,848 - INFO - GIF export completed: /Users/goomini/Documents/GitHub/thr-to-gif/Patterns/shaggy/shaggy.gif
2025-05-21 22:44:46,017 - INFO - HTML animation saved to /Users/goomini/Documents/GitHub/thr-to-gif/Patterns/summer/summer.html
2025-05-21 22:44:46,017 - INFO - Exporting to GIF: /Users/goomini/Documents/GitHub/thr-to-gif/Patterns/summer/summer.gif ...
2025-05-21 22:45:48,588 - INFO - GIF export completed: /Users/goomini/Documents/GitHub/thr-to-gif/Patterns/summer/summer.gif
2025-05-21 22:45:48,695 - INFO - HTML animation saved to /Users/goomini/Documents/GitHub/thr-to-gif/Patterns/tank_doodle/tank_doodle.html
2025-05-21 22:45:48,695 - INFO - Exporting to GIF: /Users/goomini/Documents/GitHub/thr-to-gif/Patterns/tank_doodle/tank_doodle.gif ...
2025-05-21 22:46:40,876 - INFO - GIF export completed: /Users/goomini/Documents/GitHub/thr-to-gif/Patterns/tank_doodle/tank_doodle.gif
2025-05-21 22:46:40,964 - INFO - HTML animation saved to /Users/goomini/Documents/GitHub/thr-to-gif/Patterns/Tyler-Foust-Art/Tyler-Foust-Art.html
2025-05-21 22:46:40,965 - INFO - Exporting to GIF: /Users/goomini/Documents/GitHub/thr-to-gif/Patterns/Tyler-Foust-Art/Tyler-Foust-Art.gif ...
2025-05-21 22:47:41,143 - INFO - GIF export completed: /Users/goomini/Documents/GitHub/thr-to-gif/Patterns/Tyler-Foust-Art/Tyler-Foust-Art.gif
2025-05-21 22:47:41,298 - INFO - HTML animation saved to /Users/goomini/Documents/GitHub/thr-to-gif/Patterns/Tyler-Foust-Wave/Tyler-Foust-Wave.html
2025-05-21 22:47:41,298 - INFO - Exporting to GIF: /Users/goomini/Documents/GitHub/thr-to-gif/Patterns/Tyler-Foust-Wave/Tyler-Foust-Wave.gif ...
2025-05-21 22:48:36,016 - INFO - GIF export completed: /Users/goomini/Documents/GitHub/thr-to-gif/Patterns/Tyler-Foust-Wave/Tyler-Foust-Wave.gif
2025-05-21 22:48:36,119 - INFO - HTML animation saved to /Users/goomini/Documents/GitHub/thr-to-gif/Patterns/zelda_eye_of_truth/zelda_eye_of_truth.html
2025-05-21 22:48:36,120 - INFO - Exporting to GIF: /Users/goomini/Documents/GitHub/thr-to-gif/Patterns/zelda_eye_of_truth/zelda_eye_of_truth.gif ...
2025-05-21 22:49:28,581 - INFO - GIF export completed: /Users/goomini/Documents/GitHub/thr-to-gif/Patterns/zelda_eye_of_truth/zelda_eye_of_truth.gif
2025-05-21 22:49:28,671 - INFO - HTML animation saved to /Users/goomini/Documents/GitHub/thr-to-gif/Patterns/zelda_sword_logo/zelda_sword_logo.html
2025-05-21 22:49:28,671 - INFO - Exporting to GIF: /Users/goomini/Documents/GitHub/thr-to-gif/Patterns/zelda_sword_logo/zelda_sword_logo.gif ...
2025-05-21 22:50:21,184 - INFO - GIF export completed: /Users/goomini/Documents/GitHub/thr-to-gif/Patterns/zelda_sword_logo/zelda_sword_logo.gif
2025-05-24 17:18:49,681 - INFO - HTML animation saved to /Users/goomini/Documents/GitHub/thr-to-gif/grdi/grdi.html
2025-05-24 17:18:49,683 - INFO - Exporting to GIF: /Users/goomini/Documents/GitHub/thr-to-gif/grdi/grdi.gif ...
2025-05-24 17:19:51,681 - INFO - GIF export completed: /Users/goomini/Documents/GitHub/thr-to-gif/grdi/grdi.gif
2025-05-24 17:24:18,869 - INFO - HTML animation saved to /Users/goomini/Documents/GitHub/thr-to-gif/Opatterns/0-0-rotating-hearts/0-0-rotating-hearts.html
2025-05-24 17:24:18,870 - INFO - Exporting to GIF: /Users/goomini/Documents/GitHub/thr-to-gif/Opatterns/0-0-rotating-hearts/0-0-rotating-hearts.gif ...
2025-05-24 17:25:13,499 - INFO - GIF export completed: /Users/goomini/Documents/GitHub/thr-to-gif/Opatterns/0-0-rotating-hearts/0-0-rotating-hearts.gif
2025-05-24 17:25:13,617 - INFO - HTML animation saved to /Users/goomini/Documents/GitHub/thr-to-gif/Opatterns/0-1-hubcap/0-1-hubcap.html
2025-05-24 17:25:13,617 - INFO - Exporting to GIF: /Users/goomini/Documents/GitHub/thr-to-gif/Opatterns/0-1-hubcap/0-1-hubcap.gif ...
2025-05-24 17:26:13,129 - INFO - GIF export completed: /Users/goomini/Documents/GitHub/thr-to-gif/Opatterns/0-1-hubcap/0-1-hubcap.gif
2025-05-24 17:26:13,241 - INFO - HTML animation saved to /Users/goomini/Documents/GitHub/thr-to-gif/Opatterns/03 pnuttrellis (E) (N N)/03 pnuttrellis (E) (N N).html
2025-05-24 17:26:13,241 - INFO - Exporting to GIF: /Users/goomini/Documents/GitHub/thr-to-gif/Opatterns/03 pnuttrellis (E) (N N)/03 pnuttrellis (E) (N N).gif ...
2025-05-24 17:27:13,836 - INFO - GIF export completed: /Users/goomini/Documents/GitHub/thr-to-gif/Opatterns/03 pnuttrellis (E) (N N)/03 pnuttrellis (E) (N N).gif
2025-05-24 17:27:13,941 - INFO - HTML animation saved to /Users/goomini/Documents/GitHub/thr-to-gif/Opatterns/1-0-open-your-heart-and-mind/1-0-open-your-heart-and-mind.html
2025-05-24 17:27:13,941 - INFO - Exporting to GIF: /Users/goomini/Documents/GitHub/thr-to-gif/Opatterns/1-0-open-your-heart-and-mind/1-0-open-your-heart-and-mind.gif ...
2025-05-24 17:28:06,346 - INFO - GIF export completed: /Users/goomini/Documents/GitHub/thr-to-gif/Opatterns/1-0-open-your-heart-and-mind/1-0-open-your-heart-and-mind.gif
2025-05-24 17:28:06,444 - INFO - HTML animation saved to /Users/goomini/Documents/GitHub/thr-to-gif/Opatterns/1-0-spirograph-medallion/1-0-spirograph-medallion.html
2025-05-24 17:28:06,444 - INFO - Exporting to GIF: /Users/goomini/Documents/GitHub/thr-to-gif/Opatterns/1-0-spirograph-medallion/1-0-spirograph-medallion.gif ...
2025-05-24 17:29:02,657 - INFO - GIF export completed: /Users/goomini/Documents/GitHub/thr-to-gif/Opatterns/1-0-spirograph-medallion/1-0-spirograph-medallion.gif
2025-05-24 17:29:02,773 - INFO - HTML animation saved to /Users/goomini/Documents/GitHub/thr-to-gif/Opatterns/1-1-alien-sludge/1-1-alien-sludge.html
2025-05-24 17:29:02,773 - INFO - Exporting to GIF: /Users/goomini/Documents/GitHub/thr-to-gif/Opatterns/1-1-alien-sludge/1-1-alien-sludge.gif ...
2025-05-24 17:29:56,490 - INFO - GIF export completed: /Users/goomini/Documents/GitHub/thr-to-gif/Opatterns/1-1-alien-sludge/1-1-alien-sludge.gif
2025-05-24 17:29:56,646 - INFO - HTML animation saved to /Users/goomini/Documents/GitHub/thr-to-gif/Opatterns/1-1-ibex/1-1-ibex.html
2025-05-24 17:29:56,646 - INFO - Exporting to GIF: /Users/goomini/Documents/GitHub/thr-to-gif/Opatterns/1-1-ibex/1-1-ibex.gif ...
2025-05-24 17:30:53,139 - INFO - GIF export completed: /Users/goomini/Documents/GitHub/thr-to-gif/Opatterns/1-1-ibex/1-1-ibex.gif
2025-05-24 17:30:53,288 - INFO - HTML animation saved to /Users/goomini/Documents/GitHub/thr-to-gif/Opatterns/1-1-pizza-slice-swirl/1-1-pizza-slice-swirl.html
2025-05-24 17:30:53,288 - INFO - Exporting to GIF: /Users/goomini/Documents/GitHub/thr-to-gif/Opatterns/1-1-pizza-slice-swirl/1-1-pizza-slice-swirl.gif ...
2025-05-24 17:31:53,705 - INFO - GIF export completed: /Users/goomini/Documents/GitHub/thr-to-gif/Opatterns/1-1-pizza-slice-swirl/1-1-pizza-slice-swirl.gif
2025-05-24 17:31:53,791 - INFO - HTML animation saved to /Users/goomini/Documents/GitHub/thr-to-gif/Opatterns/10_sided_polygon/10_sided_polygon.html
2025-05-24 17:31:53,791 - INFO - Exporting to GIF: /Users/goomini/Documents/GitHub/thr-to-gif/Opatterns/10_sided_polygon/10_sided_polygon.gif ...
2025-05-24 17:32:49,256 - INFO - GIF export completed: /Users/goomini/Documents/GitHub/thr-to-gif/Opatterns/10_sided_polygon/10_sided_polygon.gif
2025-05-24 17:32:49,342 - INFO - HTML animation saved to /Users/goomini/Documents/GitHub/thr-to-gif/Opatterns/13b Battlesbury (C C)/13b Battlesbury (C C).html
2025-05-24 17:32:49,342 - INFO - Exporting to GIF: /Users/goomini/Documents/GitHub/thr-to-gif/Opatterns/13b Battlesbury (C C)/13b Battlesbury (C C).gif ...
2025-05-24 17:33:44,962 - INFO - GIF export completed: /Users/goomini/Documents/GitHub/thr-to-gif/Opatterns/13b Battlesbury (C C)/13b Battlesbury (C C).gif
2025-05-24 17:33:45,081 - INFO - HTML animation saved to /Users/goomini/Documents/GitHub/thr-to-gif/Opatterns/19 Itsyourmove (E) (C NW)/19 Itsyourmove (E) (C NW).html
2025-05-24 17:33:45,082 - INFO - Exporting to GIF: /Users/goomini/Documents/GitHub/thr-to-gif/Opatterns/19 Itsyourmove (E) (C NW)/19 Itsyourmove (E) (C NW).gif ...
2025-05-24 17:34:44,162 - INFO - GIF export completed: /Users/goomini/Documents/GitHub/thr-to-gif/Opatterns/19 Itsyourmove (E) (C NW)/19 Itsyourmove (E) (C NW).gif
2025-05-24 17:34:44,251 - INFO - HTML animation saved to /Users/goomini/Documents/GitHub/thr-to-gif/Opatterns/33 Labyrinth1 (S S)_preview/33 Labyrinth1 (S S)_preview.html
2025-05-24 17:34:44,251 - INFO - Exporting to GIF: /Users/goomini/Documents/GitHub/thr-to-gif/Opatterns/33 Labyrinth1 (S S)_preview/33 Labyrinth1 (S S)_preview.gif ...
2025-05-24 17:35:36,196 - INFO - GIF export completed: /Users/goomini/Documents/GitHub/thr-to-gif/Opatterns/33 Labyrinth1 (S S)_preview/33 Labyrinth1 (S S)_preview.gif
2025-05-24 17:35:36,283 - INFO - HTML animation saved to /Users/goomini/Documents/GitHub/thr-to-gif/Opatterns/6_sided_polygon/6_sided_polygon.html
2025-05-24 17:35:36,284 - INFO - Exporting to GIF: /Users/goomini/Documents/GitHub/thr-to-gif/Opatterns/6_sided_polygon/6_sided_polygon.gif ...
2025-05-24 17:36:30,585 - INFO - GIF export completed: /Users/goomini/Documents/GitHub/thr-to-gif/Opatterns/6_sided_polygon/6_sided_polygon.gif
2025-05-24 17:36:30,695 - INFO - HTML animation saved to /Users/goomini/Documents/GitHub/thr-to-gif/Opatterns/AcklingDykeDorset 6-4-2018/AcklingDykeDorset 6-4-2018.html
2025-05-24 17:36:30,695 - INFO - Exporting to GIF: /Users/goomini/Documents/GitHub/thr-to-gif/Opatterns/AcklingDykeDorset 6-4-2018/AcklingDykeDorset 6-4-2018.gif ...
2025-05-24 17:37:26,551 - INFO - GIF export completed: /Users/goomini/Documents/GitHub/thr-to-gif/Opatterns/AcklingDykeDorset 6-4-2018/AcklingDykeDorset 6-4-2018.gif
2025-05-24 17:37:26,648 - INFO - HTML animation saved to /Users/goomini/Documents/GitHub/thr-to-gif/Opatterns/atwood-quote/atwood-quote.html
2025-05-24 17:37:26,648 - INFO - Exporting to GIF: /Users/goomini/Documents/GitHub/thr-to-gif/Opatterns/atwood-quote/atwood-quote.gif ...
2025-05-24 17:38:19,413 - INFO - GIF export completed: /Users/goomini/Documents/GitHub/thr-to-gif/Opatterns/atwood-quote/atwood-quote.gif
2025-05-24 17:38:19,499 - INFO - HTML animation saved to /Users/goomini/Documents/GitHub/thr-to-gif/Opatterns/BattlesburyCampWilts 7-5-2017/BattlesburyCampWilts 7-5-2017.html
2025-05-24 17:38:19,499 - INFO - Exporting to GIF: /Users/goomini/Documents/GitHub/thr-to-gif/Opatterns/BattlesburyCampWilts 7-5-2017/BattlesburyCampWilts 7-5-2017.gif ...
2025-05-24 17:39:15,084 - INFO - GIF export completed: /Users/goomini/Documents/GitHub/thr-to-gif/Opatterns/BattlesburyCampWilts 7-5-2017/BattlesburyCampWilts 7-5-2017.gif
2025-05-24 17:39:15,182 - INFO - HTML animation saved to /Users/goomini/Documents/GitHub/thr-to-gif/Opatterns/beach/beach.html
2025-05-24 17:39:15,182 - INFO - Exporting to GIF: /Users/goomini/Documents/GitHub/thr-to-gif/Opatterns/beach/beach.gif ...
2025-05-24 17:40:07,331 - INFO - GIF export completed: /Users/goomini/Documents/GitHub/thr-to-gif/Opatterns/beach/beach.gif
2025-05-24 17:40:07,444 - INFO - HTML animation saved to /Users/goomini/Documents/GitHub/thr-to-gif/Opatterns/bear/bear.html
2025-05-24 17:40:07,445 - INFO - Exporting to GIF: /Users/goomini/Documents/GitHub/thr-to-gif/Opatterns/bear/bear.gif ...
2025-05-24 17:40:59,511 - INFO - GIF export completed: /Users/goomini/Documents/GitHub/thr-to-gif/Opatterns/bear/bear.gif
2025-05-24 17:40:59,605 - INFO - HTML animation saved to /Users/goomini/Documents/GitHub/thr-to-gif/Opatterns/BucklandDownDorset 5-26-2018/BucklandDownDorset 5-26-2018.html
2025-05-24 17:40:59,606 - INFO - Exporting to GIF: /Users/goomini/Documents/GitHub/thr-to-gif/Opatterns/BucklandDownDorset 5-26-2018/BucklandDownDorset 5-26-2018.gif ...
2025-05-24 17:41:55,041 - INFO - GIF export completed: /Users/goomini/Documents/GitHub/thr-to-gif/Opatterns/BucklandDownDorset 5-26-2018/BucklandDownDorset 5-26-2018.gif
2025-05-24 17:41:55,128 - INFO - HTML animation saved to /Users/goomini/Documents/GitHub/thr-to-gif/Opatterns/Butterfly/Butterfly.html
2025-05-24 17:41:55,128 - INFO - Exporting to GIF: /Users/goomini/Documents/GitHub/thr-to-gif/Opatterns/Butterfly/Butterfly.gif ...
2025-05-24 17:42:49,933 - INFO - GIF export completed: /Users/goomini/Documents/GitHub/thr-to-gif/Opatterns/Butterfly/Butterfly.gif
2025-05-24 17:42:50,022 - INFO - HTML animation saved to /Users/goomini/Documents/GitHub/thr-to-gif/Opatterns/chartres_labyrinthe/chartres_labyrinthe.html
2025-05-24 17:42:50,023 - INFO - Exporting to GIF: /Users/goomini/Documents/GitHub/thr-to-gif/Opatterns/chartres_labyrinthe/chartres_labyrinthe.gif ...
2025-05-24 17:43:42,932 - INFO - GIF export completed: /Users/goomini/Documents/GitHub/thr-to-gif/Opatterns/chartres_labyrinthe/chartres_labyrinthe.gif
2025-05-24 17:43:43,013 - INFO - HTML animation saved to /Users/goomini/Documents/GitHub/thr-to-gif/Opatterns/ChartresLabyrinthe/ChartresLabyrinthe.html
2025-05-24 17:43:43,013 - INFO - Exporting to GIF: /Users/goomini/Documents/GitHub/thr-to-gif/Opatterns/ChartresLabyrinthe/ChartresLabyrinthe.gif ...
2025-05-24 17:44:37,155 - INFO - GIF export completed: /Users/goomini/Documents/GitHub/thr-to-gif/Opatterns/ChartresLabyrinthe/ChartresLabyrinthe.gif
2025-05-24 17:44:37,230 - INFO - HTML animation saved to /Users/goomini/Documents/GitHub/thr-to-gif/Opatterns/Cheesefoot Head 8-9-2012/Cheesefoot Head 8-9-2012.html
2025-05-24 17:44:37,231 - INFO - Exporting to GIF: /Users/goomini/Documents/GitHub/thr-to-gif/Opatterns/Cheesefoot Head 8-9-2012/Cheesefoot Head 8-9-2012.gif ...
2025-05-24 17:45:29,685 - INFO - GIF export completed: /Users/goomini/Documents/GitHub/thr-to-gif/Opatterns/Cheesefoot Head 8-9-2012/Cheesefoot Head 8-9-2012.gif
2025-05-24 17:45:29,764 - INFO - HTML animation saved to /Users/goomini/Documents/GitHub/thr-to-gif/Opatterns/circle_normalized/circle_normalized.html
2025-05-24 17:45:29,764 - INFO - Exporting to GIF: /Users/goomini/Documents/GitHub/thr-to-gif/Opatterns/circle_normalized/circle_normalized.gif ...
2025-05-24 17:46:22,152 - INFO - GIF export completed: /Users/goomini/Documents/GitHub/thr-to-gif/Opatterns/circle_normalized/circle_normalized.gif
2025-05-24 17:46:22,236 - INFO - HTML animation saved to /Users/goomini/Documents/GitHub/thr-to-gif/Opatterns/circle_packer/circle_packer.html
2025-05-24 17:46:22,237 - INFO - Exporting to GIF: /Users/goomini/Documents/GitHub/thr-to-gif/Opatterns/circle_packer/circle_packer.gif ...
2025-05-24 17:47:14,278 - INFO - GIF export completed: /Users/goomini/Documents/GitHub/thr-to-gif/Opatterns/circle_packer/circle_packer.gif
2025-05-24 17:47:14,420 - INFO - HTML animation saved to /Users/goomini/Documents/GitHub/thr-to-gif/Opatterns/circle-packer-rings/circle-packer-rings.html
2025-05-24 17:47:14,420 - INFO - Exporting to GIF: /Users/goomini/Documents/GitHub/thr-to-gif/Opatterns/circle-packer-rings/circle-packer-rings.gif ...
2025-05-24 17:48:07,676 - INFO - GIF export completed: /Users/goomini/Documents/GitHub/thr-to-gif/Opatterns/circle-packer-rings/circle-packer-rings.gif
2025-05-24 17:48:07,764 - INFO - HTML animation saved to /Users/goomini/Documents/GitHub/thr-to-gif/Opatterns/clear_from_in_mini/clear_from_in_mini.html
2025-05-24 17:48:07,764 - INFO - Exporting to GIF: /Users/goomini/Documents/GitHub/thr-to-gif/Opatterns/clear_from_in_mini/clear_from_in_mini.gif ...
2025-05-24 17:49:03,108 - INFO - GIF export completed: /Users/goomini/Documents/GitHub/thr-to-gif/Opatterns/clear_from_in_mini/clear_from_in_mini.gif
2025-05-24 17:49:03,188 - INFO - HTML animation saved to /Users/goomini/Documents/GitHub/thr-to-gif/Opatterns/clear_from_in_pro/clear_from_in_pro.html
2025-05-24 17:49:03,189 - INFO - Exporting to GIF: /Users/goomini/Documents/GitHub/thr-to-gif/Opatterns/clear_from_in_pro/clear_from_in_pro.gif ...
2025-05-24 17:49:58,524 - INFO - GIF export completed: /Users/goomini/Documents/GitHub/thr-to-gif/Opatterns/clear_from_in_pro/clear_from_in_pro.gif
2025-05-24 17:49:58,613 - INFO - HTML animation saved to /Users/goomini/Documents/GitHub/thr-to-gif/Opatterns/clear_from_in/clear_from_in.html
2025-05-24 17:49:58,613 - INFO - Exporting to GIF: /Users/goomini/Documents/GitHub/thr-to-gif/Opatterns/clear_from_in/clear_from_in.gif ...
2025-05-24 17:50:54,157 - INFO - GIF export completed: /Users/goomini/Documents/GitHub/thr-to-gif/Opatterns/clear_from_in/clear_from_in.gif
2025-05-24 17:50:54,246 - INFO - HTML animation saved to /Users/goomini/Documents/GitHub/thr-to-gif/Opatterns/clear_from_out_mini/clear_from_out_mini.html
2025-05-24 17:50:54,247 - INFO - Exporting to GIF: /Users/goomini/Documents/GitHub/thr-to-gif/Opatterns/clear_from_out_mini/clear_from_out_mini.gif ...
2025-05-24 17:51:49,860 - INFO - GIF export completed: /Users/goomini/Documents/GitHub/thr-to-gif/Opatterns/clear_from_out_mini/clear_from_out_mini.gif
2025-05-24 17:51:49,951 - INFO - HTML animation saved to /Users/goomini/Documents/GitHub/thr-to-gif/Opatterns/clear_from_out_pro/clear_from_out_pro.html
2025-05-24 17:51:49,952 - INFO - Exporting to GIF: /Users/goomini/Documents/GitHub/thr-to-gif/Opatterns/clear_from_out_pro/clear_from_out_pro.gif ...
2025-05-24 17:52:45,567 - INFO - GIF export completed: /Users/goomini/Documents/GitHub/thr-to-gif/Opatterns/clear_from_out_pro/clear_from_out_pro.gif
2025-05-24 17:52:45,653 - INFO - HTML animation saved to /Users/goomini/Documents/GitHub/thr-to-gif/Opatterns/clear_from_out/clear_from_out.html
2025-05-24 17:52:45,653 - INFO - Exporting to GIF: /Users/goomini/Documents/GitHub/thr-to-gif/Opatterns/clear_from_out/clear_from_out.gif ...
2025-05-24 17:53:40,995 - INFO - GIF export completed: /Users/goomini/Documents/GitHub/thr-to-gif/Opatterns/clear_from_out/clear_from_out.gif
2025-05-24 17:53:41,089 - INFO - HTML animation saved to /Users/goomini/Documents/GitHub/thr-to-gif/Opatterns/clear_sideway_mini/clear_sideway_mini.html
2025-05-24 17:53:41,089 - INFO - Exporting to GIF: /Users/goomini/Documents/GitHub/thr-to-gif/Opatterns/clear_sideway_mini/clear_sideway_mini.gif ...
2025-05-24 17:54:34,342 - INFO - GIF export completed: /Users/goomini/Documents/GitHub/thr-to-gif/Opatterns/clear_sideway_mini/clear_sideway_mini.gif
2025-05-24 17:54:34,433 - INFO - HTML animation saved to /Users/goomini/Documents/GitHub/thr-to-gif/Opatterns/clear_sideway_pro/clear_sideway_pro.html
2025-05-24 17:54:34,433 - INFO - Exporting to GIF: /Users/goomini/Documents/GitHub/thr-to-gif/Opatterns/clear_sideway_pro/clear_sideway_pro.gif ...
2025-05-24 17:55:26,717 - INFO - GIF export completed: /Users/goomini/Documents/GitHub/thr-to-gif/Opatterns/clear_sideway_pro/clear_sideway_pro.gif
2025-05-24 17:55:26,803 - INFO - HTML animation saved to /Users/goomini/Documents/GitHub/thr-to-gif/Opatterns/clear_sideway/clear_sideway.html
2025-05-24 17:55:26,803 - INFO - Exporting to GIF: /Users/goomini/Documents/GitHub/thr-to-gif/Opatterns/clear_sideway/clear_sideway.gif ...
2025-05-24 17:56:01,004 - ERROR - Error running capture.js: Command '['node', '/Users/goomini/Documents/GitHub/thr-to-gif/THR_to_GIF/capture.js', '/Users/goomini/Documents/GitHub/thr-to-gif/Opatterns/clear_sideway/clear_sideway.html', '/Users/goomini/Documents/GitHub/thr-to-gif/Opatterns/clear_sideway/clear_sideway.gif', '15.0']' returned non-zero exit status 1.
2025-05-24 17:56:01,004 - ERROR - Error: Command '['node', '/Users/goomini/Documents/GitHub/thr-to-gif/THR_to_GIF/capture.js', '/Users/goomini/Documents/GitHub/thr-to-gif/Opatterns/clear_sideway/clear_sideway.html', '/Users/goomini/Documents/GitHub/thr-to-gif/Opatterns/clear_sideway/clear_sideway.gif', '15.0']' returned non-zero exit status 1.
2025-05-24 17:56:01,064 - INFO - HTML animation saved to /Users/goomini/Documents/GitHub/thr-to-gif/Opatterns/CleyHill 7-18-2017/CleyHill 7-18-2017.html
2025-05-24 17:56:01,064 - INFO - Exporting to GIF: /Users/goomini/Documents/GitHub/thr-to-gif/Opatterns/CleyHill 7-18-2017/CleyHill 7-18-2017.gif ...
2025-05-24 17:56:56,685 - INFO - GIF export completed: /Users/goomini/Documents/GitHub/thr-to-gif/Opatterns/CleyHill 7-18-2017/CleyHill 7-18-2017.gif
2025-05-24 17:56:56,762 - INFO - HTML animation saved to /Users/goomini/Documents/GitHub/thr-to-gif/Opatterns/dither_cells/dither_cells.html
2025-05-24 17:56:56,762 - INFO - Exporting to GIF: /Users/goomini/Documents/GitHub/thr-to-gif/Opatterns/dither_cells/dither_cells.gif ...
2025-05-24 17:57:51,590 - INFO - GIF export completed: /Users/goomini/Documents/GitHub/thr-to-gif/Opatterns/dither_cells/dither_cells.gif
2025-05-24 17:57:51,680 - INFO - HTML animation saved to /Users/goomini/Documents/GitHub/thr-to-gif/Opatterns/dither_eccentricerase/dither_eccentricerase.html
2025-05-24 17:57:51,680 - INFO - Exporting to GIF: /Users/goomini/Documents/GitHub/thr-to-gif/Opatterns/dither_eccentricerase/dither_eccentricerase.gif ...
2025-05-24 17:58:50,851 - INFO - GIF export completed: /Users/goomini/Documents/GitHub/thr-to-gif/Opatterns/dither_eccentricerase/dither_eccentricerase.gif
2025-05-24 17:58:50,930 - INFO - HTML animation saved to /Users/goomini/Documents/GitHub/thr-to-gif/Opatterns/dither_gears/dither_gears.html
2025-05-24 17:58:50,930 - INFO - Exporting to GIF: /Users/goomini/Documents/GitHub/thr-to-gif/Opatterns/dither_gears/dither_gears.gif ...
2025-05-24 17:59:46,502 - INFO - GIF export completed: /Users/goomini/Documents/GitHub/thr-to-gif/Opatterns/dither_gears/dither_gears.gif
2025-05-24 17:59:46,589 - INFO - HTML animation saved to /Users/goomini/Documents/GitHub/thr-to-gif/Opatterns/dither_gosper4/dither_gosper4.html
2025-05-24 17:59:46,589 - INFO - Exporting to GIF: /Users/goomini/Documents/GitHub/thr-to-gif/Opatterns/dither_gosper4/dither_gosper4.gif ...
2025-05-24 18:00:41,622 - INFO - GIF export completed: /Users/goomini/Documents/GitHub/thr-to-gif/Opatterns/dither_gosper4/dither_gosper4.gif
2025-05-24 18:00:41,723 - INFO - HTML animation saved to /Users/goomini/Documents/GitHub/thr-to-gif/Opatterns/dither_hypnogrid/dither_hypnogrid.html
2025-05-24 18:00:41,723 - INFO - Exporting to GIF: /Users/goomini/Documents/GitHub/thr-to-gif/Opatterns/dither_hypnogrid/dither_hypnogrid.gif ...
2025-05-24 18:01:40,202 - INFO - GIF export completed: /Users/goomini/Documents/GitHub/thr-to-gif/Opatterns/dither_hypnogrid/dither_hypnogrid.gif
2025-05-24 18:01:40,322 - INFO - HTML animation saved to /Users/goomini/Documents/GitHub/thr-to-gif/Opatterns/dither_itsyourmove/dither_itsyourmove.html
2025-05-24 18:01:40,323 - INFO - Exporting to GIF: /Users/goomini/Documents/GitHub/thr-to-gif/Opatterns/dither_itsyourmove/dither_itsyourmove.gif ...
2025-05-24 18:02:20,913 - ERROR - Error running capture.js: Command '['node', '/Users/goomini/Documents/GitHub/thr-to-gif/THR_to_GIF/capture.js', '/Users/goomini/Documents/GitHub/thr-to-gif/Opatterns/dither_itsyourmove/dither_itsyourmove.html', '/Users/goomini/Documents/GitHub/thr-to-gif/Opatterns/dither_itsyourmove/dither_itsyourmove.gif', '15.0']' returned non-zero exit status 1.
2025-05-24 18:02:20,913 - ERROR - Error: Command '['node', '/Users/goomini/Documents/GitHub/thr-to-gif/THR_to_GIF/capture.js', '/Users/goomini/Documents/GitHub/thr-to-gif/Opatterns/dither_itsyourmove/dither_itsyourmove.html', '/Users/goomini/Documents/GitHub/thr-to-gif/Opatterns/dither_itsyourmove/dither_itsyourmove.gif', '15.0']' returned non-zero exit status 1.
2025-05-24 18:02:20,970 - INFO - HTML animation saved to /Users/goomini/Documents/GitHub/thr-to-gif/Opatterns/dither_nautilus/dither_nautilus.html
2025-05-24 18:02:20,970 - INFO - Exporting to GIF: /Users/goomini/Documents/GitHub/thr-to-gif/Opatterns/dither_nautilus/dither_nautilus.gif ...
2025-05-24 18:03:15,134 - INFO - GIF export completed: /Users/goomini/Documents/GitHub/thr-to-gif/Opatterns/dither_nautilus/dither_nautilus.gif
2025-05-24 18:03:15,222 - INFO - HTML animation saved to /Users/goomini/Documents/GitHub/thr-to-gif/Opatterns/dither_parallel/dither_parallel.html
2025-05-24 18:03:15,223 - INFO - Exporting to GIF: /Users/goomini/Documents/GitHub/thr-to-gif/Opatterns/dither_parallel/dither_parallel.gif ...
2025-05-24 18:04:07,320 - INFO - GIF export completed: /Users/goomini/Documents/GitHub/thr-to-gif/Opatterns/dither_parallel/dither_parallel.gif
2025-05-24 18:04:07,401 - INFO - HTML animation saved to /Users/goomini/Documents/GitHub/thr-to-gif/Opatterns/dither_sierpinski6/dither_sierpinski6.html
2025-05-24 18:04:07,401 - INFO - Exporting to GIF: /Users/goomini/Documents/GitHub/thr-to-gif/Opatterns/dither_sierpinski6/dither_sierpinski6.gif ...
2025-05-24 18:04:59,904 - INFO - GIF export completed: /Users/goomini/Documents/GitHub/thr-to-gif/Opatterns/dither_sierpinski6/dither_sierpinski6.gif
2025-05-24 18:04:59,987 - INFO - HTML animation saved to /Users/goomini/Documents/GitHub/thr-to-gif/Opatterns/dither_sierpinski8/dither_sierpinski8.html
2025-05-24 18:04:59,987 - INFO - Exporting to GIF: /Users/goomini/Documents/GitHub/thr-to-gif/Opatterns/dither_sierpinski8/dither_sierpinski8.gif ...
2025-05-24 18:05:52,766 - INFO - GIF export completed: /Users/goomini/Documents/GitHub/thr-to-gif/Opatterns/dither_sierpinski8/dither_sierpinski8.gif
2025-05-24 18:05:52,853 - INFO - HTML animation saved to /Users/goomini/Documents/GitHub/thr-to-gif/Opatterns/dither_sisinf/dither_sisinf.html
2025-05-24 18:05:52,853 - INFO - Exporting to GIF: /Users/goomini/Documents/GitHub/thr-to-gif/Opatterns/dither_sisinf/dither_sisinf.gif ...
2025-05-24 18:06:45,131 - INFO - GIF export completed: /Users/goomini/Documents/GitHub/thr-to-gif/Opatterns/dither_sisinf/dither_sisinf.gif
2025-05-24 18:06:45,255 - INFO - HTML animation saved to /Users/goomini/Documents/GitHub/thr-to-gif/Opatterns/dither_sisinfturn/dither_sisinfturn.html
2025-05-24 18:06:45,256 - INFO - Exporting to GIF: /Users/goomini/Documents/GitHub/thr-to-gif/Opatterns/dither_sisinfturn/dither_sisinfturn.gif ...
2025-05-24 18:07:46,763 - INFO - GIF export completed: /Users/goomini/Documents/GitHub/thr-to-gif/Opatterns/dither_sisinfturn/dither_sisinfturn.gif
2025-05-24 18:07:46,883 - INFO - HTML animation saved to /Users/goomini/Documents/GitHub/thr-to-gif/Opatterns/dither_strangthang/dither_strangthang.html
2025-05-24 18:07:46,883 - INFO - Exporting to GIF: /Users/goomini/Documents/GitHub/thr-to-gif/Opatterns/dither_strangthang/dither_strangthang.gif ...
2025-05-24 18:08:53,323 - INFO - GIF export completed: /Users/goomini/Documents/GitHub/thr-to-gif/Opatterns/dither_strangthang/dither_strangthang.gif
2025-05-24 18:08:53,436 - INFO - HTML animation saved to /Users/goomini/Documents/GitHub/thr-to-gif/Opatterns/dither_sunburst/dither_sunburst.html
2025-05-24 18:08:53,436 - INFO - Exporting to GIF: /Users/goomini/Documents/GitHub/thr-to-gif/Opatterns/dither_sunburst/dither_sunburst.gif ...
2025-05-24 18:09:51,813 - INFO - GIF export completed: /Users/goomini/Documents/GitHub/thr-to-gif/Opatterns/dither_sunburst/dither_sunburst.gif
2025-05-24 18:09:51,907 - INFO - HTML animation saved to /Users/goomini/Documents/GitHub/thr-to-gif/Opatterns/dither_tri4/dither_tri4.html
2025-05-24 18:09:51,908 - INFO - Exporting to GIF: /Users/goomini/Documents/GitHub/thr-to-gif/Opatterns/dither_tri4/dither_tri4.gif ...
2025-05-24 18:10:51,423 - INFO - GIF export completed: /Users/goomini/Documents/GitHub/thr-to-gif/Opatterns/dither_tri4/dither_tri4.gif
2025-05-24 18:10:51,509 - INFO - HTML animation saved to /Users/goomini/Documents/GitHub/thr-to-gif/Opatterns/dither_wormhole/dither_wormhole.html
2025-05-24 18:10:51,509 - INFO - Exporting to GIF: /Users/goomini/Documents/GitHub/thr-to-gif/Opatterns/dither_wormhole/dither_wormhole.gif ...
2025-05-24 18:11:47,178 - INFO - GIF export completed: /Users/goomini/Documents/GitHub/thr-to-gif/Opatterns/dither_wormhole/dither_wormhole.gif
2025-05-24 18:11:47,254 - INFO - HTML animation saved to /Users/goomini/Documents/GitHub/thr-to-gif/Opatterns/dither_yinyang/dither_yinyang.html
2025-05-24 18:11:47,254 - INFO - Exporting to GIF: /Users/goomini/Documents/GitHub/thr-to-gif/Opatterns/dither_yinyang/dither_yinyang.gif ...
2025-05-24 18:12:43,052 - INFO - GIF export completed: /Users/goomini/Documents/GitHub/thr-to-gif/Opatterns/dither_yinyang/dither_yinyang.gif
2025-05-24 18:12:43,137 - INFO - HTML animation saved to /Users/goomini/Documents/GitHub/thr-to-gif/Opatterns/dune_weaver/dune_weaver.html
2025-05-24 18:12:43,137 - INFO - Exporting to GIF: /Users/goomini/Documents/GitHub/thr-to-gif/Opatterns/dune_weaver/dune_weaver.gif ...
2025-05-24 18:13:35,746 - INFO - GIF export completed: /Users/goomini/Documents/GitHub/thr-to-gif/Opatterns/dune_weaver/dune_weaver.gif
2025-05-24 18:13:35,841 - INFO - HTML animation saved to /Users/goomini/Documents/GitHub/thr-to-gif/Opatterns/even_sparser_sawtooth/even_sparser_sawtooth.html
2025-05-24 18:13:35,841 - INFO - Exporting to GIF: /Users/goomini/Documents/GitHub/thr-to-gif/Opatterns/even_sparser_sawtooth/even_sparser_sawtooth.gif ...
2025-05-24 18:14:31,301 - INFO - GIF export completed: /Users/goomini/Documents/GitHub/thr-to-gif/Opatterns/even_sparser_sawtooth/even_sparser_sawtooth.gif
2025-05-24 18:14:31,406 - INFO - HTML animation saved to /Users/goomini/Documents/GitHub/thr-to-gif/Opatterns/fancy-bars/fancy-bars.html
2025-05-24 18:14:31,406 - INFO - Exporting to GIF: /Users/goomini/Documents/GitHub/thr-to-gif/Opatterns/fancy-bars/fancy-bars.gif ...
2025-05-24 18:15:26,498 - INFO - GIF export completed: /Users/goomini/Documents/GitHub/thr-to-gif/Opatterns/fancy-bars/fancy-bars.gif
2025-05-24 18:15:26,605 - INFO - HTML animation saved to /Users/goomini/Documents/GitHub/thr-to-gif/Opatterns/fancy-tiles/fancy-tiles.html
2025-05-24 18:15:26,605 - INFO - Exporting to GIF: /Users/goomini/Documents/GitHub/thr-to-gif/Opatterns/fancy-tiles/fancy-tiles.gif ...
2025-05-24 18:16:22,600 - INFO - GIF export completed: /Users/goomini/Documents/GitHub/thr-to-gif/Opatterns/fancy-tiles/fancy-tiles.gif
2025-05-24 18:16:22,708 - INFO - HTML animation saved to /Users/goomini/Documents/GitHub/thr-to-gif/Opatterns/feather/feather.html
2025-05-24 18:16:22,708 - INFO - Exporting to GIF: /Users/goomini/Documents/GitHub/thr-to-gif/Opatterns/feather/feather.gif ...
2025-05-24 18:17:17,884 - INFO - GIF export completed: /Users/goomini/Documents/GitHub/thr-to-gif/Opatterns/feather/feather.gif
2025-05-24 18:17:17,995 - INFO - HTML animation saved to /Users/goomini/Documents/GitHub/thr-to-gif/Opatterns/flower-bubbles/flower-bubbles.html
2025-05-24 18:17:17,996 - INFO - Exporting to GIF: /Users/goomini/Documents/GitHub/thr-to-gif/Opatterns/flower-bubbles/flower-bubbles.gif ...
2025-05-24 18:18:13,046 - INFO - GIF export completed: /Users/goomini/Documents/GitHub/thr-to-gif/Opatterns/flower-bubbles/flower-bubbles.gif
2025-05-24 18:18:13,146 - INFO - HTML animation saved to /Users/goomini/Documents/GitHub/thr-to-gif/Opatterns/flower/flower.html
2025-05-24 18:18:13,146 - INFO - Exporting to GIF: /Users/goomini/Documents/GitHub/thr-to-gif/Opatterns/flower/flower.gif ...
2025-05-24 18:19:08,287 - INFO - GIF export completed: /Users/goomini/Documents/GitHub/thr-to-gif/Opatterns/flower/flower.gif
2025-05-24 18:19:08,373 - INFO - HTML animation saved to /Users/goomini/Documents/GitHub/thr-to-gif/Opatterns/flowsnake/flowsnake.html
2025-05-24 18:19:08,373 - INFO - Exporting to GIF: /Users/goomini/Documents/GitHub/thr-to-gif/Opatterns/flowsnake/flowsnake.gif ...
2025-05-24 18:20:02,625 - INFO - GIF export completed: /Users/goomini/Documents/GitHub/thr-to-gif/Opatterns/flowsnake/flowsnake.gif
2025-05-24 18:20:02,712 - INFO - HTML animation saved to /Users/goomini/Documents/GitHub/thr-to-gif/Opatterns/Fractal/Fractal.html
2025-05-24 18:20:02,712 - INFO - Exporting to GIF: /Users/goomini/Documents/GitHub/thr-to-gif/Opatterns/Fractal/Fractal.gif ...
2025-05-24 18:20:55,235 - INFO - GIF export completed: /Users/goomini/Documents/GitHub/thr-to-gif/Opatterns/Fractal/Fractal.gif
2025-05-24 18:20:55,320 - INFO - HTML animation saved to /Users/goomini/Documents/GitHub/thr-to-gif/Opatterns/fractal2/fractal2.html
2025-05-24 18:20:55,321 - INFO - Exporting to GIF: /Users/goomini/Documents/GitHub/thr-to-gif/Opatterns/fractal2/fractal2.gif ...
2025-05-24 18:21:48,374 - INFO - GIF export completed: /Users/goomini/Documents/GitHub/thr-to-gif/Opatterns/fractal2/fractal2.gif
2025-05-24 18:21:48,483 - INFO - HTML animation saved to /Users/goomini/Documents/GitHub/thr-to-gif/Opatterns/full-moon/full-moon.html
2025-05-24 18:21:48,483 - INFO - Exporting to GIF: /Users/goomini/Documents/GitHub/thr-to-gif/Opatterns/full-moon/full-moon.gif ...
2025-05-24 18:22:43,147 - INFO - GIF export completed: /Users/goomini/Documents/GitHub/thr-to-gif/Opatterns/full-moon/full-moon.gif
2025-05-24 18:22:43,249 - INFO - HTML animation saved to /Users/goomini/Documents/GitHub/thr-to-gif/Opatterns/HackpenHill 6-9-2018/HackpenHill 6-9-2018.html
2025-05-24 18:22:43,249 - INFO - Exporting to GIF: /Users/goomini/Documents/GitHub/thr-to-gif/Opatterns/HackpenHill 6-9-2018/HackpenHill 6-9-2018.gif ...
2025-05-24 18:23:40,477 - INFO - GIF export completed: /Users/goomini/Documents/GitHub/thr-to-gif/Opatterns/HackpenHill 6-9-2018/HackpenHill 6-9-2018.gif
2025-05-24 18:23:40,567 - INFO - HTML animation saved to /Users/goomini/Documents/GitHub/thr-to-gif/Opatterns/Hampton-on-Lucy 8-8-2015/Hampton-on-Lucy 8-8-2015.html
2025-05-24 18:23:40,567 - INFO - Exporting to GIF: /Users/goomini/Documents/GitHub/thr-to-gif/Opatterns/Hampton-on-Lucy 8-8-2015/Hampton-on-Lucy 8-8-2015.gif ...
2025-05-24 18:24:37,018 - INFO - GIF export completed: /Users/goomini/Documents/GitHub/thr-to-gif/Opatterns/Hampton-on-Lucy 8-8-2015/Hampton-on-Lucy 8-8-2015.gif
2025-05-24 18:24:37,107 - INFO - HTML animation saved to /Users/goomini/Documents/GitHub/thr-to-gif/Opatterns/HamptonHillsCross 2-18-2015/HamptonHillsCross 2-18-2015.html
2025-05-24 18:24:37,107 - INFO - Exporting to GIF: /Users/goomini/Documents/GitHub/thr-to-gif/Opatterns/HamptonHillsCross 2-18-2015/HamptonHillsCross 2-18-2015.gif ...
2025-05-24 18:25:31,347 - INFO - GIF export completed: /Users/goomini/Documents/GitHub/thr-to-gif/Opatterns/HamptonHillsCross 2-18-2015/HamptonHillsCross 2-18-2015.gif
2025-05-24 18:25:31,425 - WARNING - Line 442 in /Users/goomini/Documents/GitHub/thr-to-gif/Opatterns/happy-holidays.thr has invalid format: Holidays!
2025-05-24 18:25:31,476 - INFO - HTML animation saved to /Users/goomini/Documents/GitHub/thr-to-gif/Opatterns/happy-holidays/happy-holidays.html
2025-05-24 18:25:31,476 - INFO - Exporting to GIF: /Users/goomini/Documents/GitHub/thr-to-gif/Opatterns/happy-holidays/happy-holidays.gif ...
2025-05-24 18:26:31,518 - INFO - GIF export completed: /Users/goomini/Documents/GitHub/thr-to-gif/Opatterns/happy-holidays/happy-holidays.gif
2025-05-24 18:26:31,638 - INFO - HTML animation saved to /Users/goomini/Documents/GitHub/thr-to-gif/Opatterns/hero_11loop2/hero_11loop2.html
2025-05-24 18:26:31,638 - INFO - Exporting to GIF: /Users/goomini/Documents/GitHub/thr-to-gif/Opatterns/hero_11loop2/hero_11loop2.gif ...
2025-05-24 18:27:36,191 - INFO - GIF export completed: /Users/goomini/Documents/GitHub/thr-to-gif/Opatterns/hero_11loop2/hero_11loop2.gif
2025-05-24 18:27:36,335 - INFO - HTML animation saved to /Users/goomini/Documents/GitHub/thr-to-gif/Opatterns/hero_13wave1/hero_13wave1.html
2025-05-24 18:27:36,335 - INFO - Exporting to GIF: /Users/goomini/Documents/GitHub/thr-to-gif/Opatterns/hero_13wave1/hero_13wave1.gif ...
2025-05-24 18:28:39,215 - INFO - GIF export completed: /Users/goomini/Documents/GitHub/thr-to-gif/Opatterns/hero_13wave1/hero_13wave1.gif
2025-05-24 18:28:39,324 - INFO - HTML animation saved to /Users/goomini/Documents/GitHub/thr-to-gif/Opatterns/hero_5loop1/hero_5loop1.html
2025-05-24 18:28:39,324 - INFO - Exporting to GIF: /Users/goomini/Documents/GitHub/thr-to-gif/Opatterns/hero_5loop1/hero_5loop1.gif ...
2025-05-24 18:29:46,265 - INFO - GIF export completed: /Users/goomini/Documents/GitHub/thr-to-gif/Opatterns/hero_5loop1/hero_5loop1.gif
2025-05-24 18:29:46,406 - INFO - HTML animation saved to /Users/goomini/Documents/GitHub/thr-to-gif/Opatterns/hero_7loop4/hero_7loop4.html
2025-05-24 18:29:46,406 - INFO - Exporting to GIF: /Users/goomini/Documents/GitHub/thr-to-gif/Opatterns/hero_7loop4/hero_7loop4.gif ...
2025-05-24 18:30:54,934 - INFO - GIF export completed: /Users/goomini/Documents/GitHub/thr-to-gif/Opatterns/hero_7loop4/hero_7loop4.gif
2025-05-24 18:30:55,055 - INFO - HTML animation saved to /Users/goomini/Documents/GitHub/thr-to-gif/Opatterns/hero_9wave2/hero_9wave2.html
2025-05-24 18:30:55,055 - INFO - Exporting to GIF: /Users/goomini/Documents/GitHub/thr-to-gif/Opatterns/hero_9wave2/hero_9wave2.gif ...
2025-05-24 18:32:01,696 - INFO - GIF export completed: /Users/goomini/Documents/GitHub/thr-to-gif/Opatterns/hero_9wave2/hero_9wave2.gif
2025-05-24 18:32:01,780 - INFO - HTML animation saved to /Users/goomini/Documents/GitHub/thr-to-gif/Opatterns/HexagonAlley/HexagonAlley.html
2025-05-24 18:32:01,780 - INFO - Exporting to GIF: /Users/goomini/Documents/GitHub/thr-to-gif/Opatterns/HexagonAlley/HexagonAlley.gif ...
2025-05-24 18:32:57,033 - INFO - GIF export completed: /Users/goomini/Documents/GitHub/thr-to-gif/Opatterns/HexagonAlley/HexagonAlley.gif
2025-05-24 18:32:57,136 - INFO - HTML animation saved to /Users/goomini/Documents/GitHub/thr-to-gif/Opatterns/hexagoner (1)/hexagoner (1).html
2025-05-24 18:32:57,136 - INFO - Exporting to GIF: /Users/goomini/Documents/GitHub/thr-to-gif/Opatterns/hexagoner (1)/hexagoner (1).gif ...
2025-05-24 18:33:56,664 - INFO - GIF export completed: /Users/goomini/Documents/GitHub/thr-to-gif/Opatterns/hexagoner (1)/hexagoner (1).gif
2025-05-24 18:33:56,761 - INFO - HTML animation saved to /Users/goomini/Documents/GitHub/thr-to-gif/Opatterns/hexagoner/hexagoner.html
2025-05-24 18:33:56,761 - INFO - Exporting to GIF: /Users/goomini/Documents/GitHub/thr-to-gif/Opatterns/hexagoner/hexagoner.gif ...
2025-05-24 18:34:56,736 - INFO - GIF export completed: /Users/goomini/Documents/GitHub/thr-to-gif/Opatterns/hexagoner/hexagoner.gif
2025-05-24 18:34:56,826 - INFO - HTML animation saved to /Users/goomini/Documents/GitHub/thr-to-gif/Opatterns/Hosta/Hosta.html
2025-05-24 18:34:56,827 - INFO - Exporting to GIF: /Users/goomini/Documents/GitHub/thr-to-gif/Opatterns/Hosta/Hosta.gif ...
2025-05-24 18:36:02,767 - INFO - GIF export completed: /Users/goomini/Documents/GitHub/thr-to-gif/Opatterns/Hosta/Hosta.gif
2025-05-24 18:36:02,857 - INFO - HTML animation saved to /Users/goomini/Documents/GitHub/thr-to-gif/Opatterns/KeysleyDown 6-10-2018/KeysleyDown 6-10-2018.html
2025-05-24 18:36:02,857 - INFO - Exporting to GIF: /Users/goomini/Documents/GitHub/thr-to-gif/Opatterns/KeysleyDown 6-10-2018/KeysleyDown 6-10-2018.gif ...
2025-05-24 18:36:58,364 - INFO - GIF export completed: /Users/goomini/Documents/GitHub/thr-to-gif/Opatterns/KeysleyDown 6-10-2018/KeysleyDown 6-10-2018.gif
2025-05-24 18:36:58,475 - INFO - HTML animation saved to /Users/goomini/Documents/GitHub/thr-to-gif/Opatterns/koch-cube-flowers/koch-cube-flowers.html
2025-05-24 18:36:58,475 - INFO - Exporting to GIF: /Users/goomini/Documents/GitHub/thr-to-gif/Opatterns/koch-cube-flowers/koch-cube-flowers.gif ...
2025-05-24 18:37:52,000 - INFO - GIF export completed: /Users/goomini/Documents/GitHub/thr-to-gif/Opatterns/koch-cube-flowers/koch-cube-flowers.gif
2025-05-24 18:37:52,079 - INFO - HTML animation saved to /Users/goomini/Documents/GitHub/thr-to-gif/Opatterns/koch-curve-01-connector/koch-curve-01-connector.html
2025-05-24 18:37:52,079 - INFO - Exporting to GIF: /Users/goomini/Documents/GitHub/thr-to-gif/Opatterns/koch-curve-01-connector/koch-curve-01-connector.gif ...
2025-05-24 18:38:44,450 - INFO - GIF export completed: /Users/goomini/Documents/GitHub/thr-to-gif/Opatterns/koch-curve-01-connector/koch-curve-01-connector.gif
2025-05-24 18:38:44,534 - INFO - HTML animation saved to /Users/goomini/Documents/GitHub/thr-to-gif/Opatterns/leaf-01-connector/leaf-01-connector.html
2025-05-24 18:38:44,534 - INFO - Exporting to GIF: /Users/goomini/Documents/GitHub/thr-to-gif/Opatterns/leaf-01-connector/leaf-01-connector.gif ...
2025-05-24 18:39:36,769 - INFO - GIF export completed: /Users/goomini/Documents/GitHub/thr-to-gif/Opatterns/leaf-01-connector/leaf-01-connector.gif
2025-05-24 18:39:36,863 - INFO - HTML animation saved to /Users/goomini/Documents/GitHub/thr-to-gif/Opatterns/LiddingtonCastle 6-24-2001/LiddingtonCastle 6-24-2001.html
2025-05-24 18:39:36,863 - INFO - Exporting to GIF: /Users/goomini/Documents/GitHub/thr-to-gif/Opatterns/LiddingtonCastle 6-24-2001/LiddingtonCastle 6-24-2001.gif ...
2025-05-24 18:40:33,684 - INFO - GIF export completed: /Users/goomini/Documents/GitHub/thr-to-gif/Opatterns/LiddingtonCastle 6-24-2001/LiddingtonCastle 6-24-2001.gif
2025-05-24 18:40:33,791 - INFO - HTML animation saved to /Users/goomini/Documents/GitHub/thr-to-gif/Opatterns/LongwoodWarrenHants 7-10-2018/LongwoodWarrenHants 7-10-2018.html
2025-05-24 18:40:33,791 - INFO - Exporting to GIF: /Users/goomini/Documents/GitHub/thr-to-gif/Opatterns/LongwoodWarrenHants 7-10-2018/LongwoodWarrenHants 7-10-2018.gif ...
2025-05-24 18:41:33,370 - INFO - GIF export completed: /Users/goomini/Documents/GitHub/thr-to-gif/Opatterns/LongwoodWarrenHants 7-10-2018/LongwoodWarrenHants 7-10-2018.gif
2025-05-24 18:41:33,456 - INFO - HTML animation saved to /Users/goomini/Documents/GitHub/thr-to-gif/Opatterns/maze/maze.html
2025-05-24 18:41:33,456 - INFO - Exporting to GIF: /Users/goomini/Documents/GitHub/thr-to-gif/Opatterns/maze/maze.gif ...
2025-05-24 18:42:25,659 - INFO - GIF export completed: /Users/goomini/Documents/GitHub/thr-to-gif/Opatterns/maze/maze.gif
2025-05-24 18:42:25,743 - INFO - HTML animation saved to /Users/goomini/Documents/GitHub/thr-to-gif/Opatterns/MilkHill 6-2-2009/MilkHill 6-2-2009.html
2025-05-24 18:42:25,743 - INFO - Exporting to GIF: /Users/goomini/Documents/GitHub/thr-to-gif/Opatterns/MilkHill 6-2-2009/MilkHill 6-2-2009.gif ...
2025-05-24 18:43:21,257 - INFO - GIF export completed: /Users/goomini/Documents/GitHub/thr-to-gif/Opatterns/MilkHill 6-2-2009/MilkHill 6-2-2009.gif
2025-05-24 18:43:21,344 - INFO - HTML animation saved to /Users/goomini/Documents/GitHub/thr-to-gif/Opatterns/MilkHill 7-8-2011/MilkHill 7-8-2011.html
2025-05-24 18:43:21,344 - INFO - Exporting to GIF: /Users/goomini/Documents/GitHub/thr-to-gif/Opatterns/MilkHill 7-8-2011/MilkHill 7-8-2011.gif ...
2025-05-24 18:44:16,268 - INFO - GIF export completed: /Users/goomini/Documents/GitHub/thr-to-gif/Opatterns/MilkHill 7-8-2011/MilkHill 7-8-2011.gif
2025-05-24 18:44:16,358 - INFO - HTML animation saved to /Users/goomini/Documents/GitHub/thr-to-gif/Opatterns/mountain/mountain.html
2025-05-24 18:44:16,358 - INFO - Exporting to GIF: /Users/goomini/Documents/GitHub/thr-to-gif/Opatterns/mountain/mountain.gif ...
2025-05-24 18:45:09,032 - INFO - GIF export completed: /Users/goomini/Documents/GitHub/thr-to-gif/Opatterns/mountain/mountain.gif
2025-05-24 18:45:09,126 - INFO - HTML animation saved to /Users/goomini/Documents/GitHub/thr-to-gif/Opatterns/Muncombe Hill 7-14-2018/Muncombe Hill 7-14-2018.html
2025-05-24 18:45:09,126 - INFO - Exporting to GIF: /Users/goomini/Documents/GitHub/thr-to-gif/Opatterns/Muncombe Hill 7-14-2018/Muncombe Hill 7-14-2018.gif ...
2025-05-24 18:46:04,365 - INFO - GIF export completed: /Users/goomini/Documents/GitHub/thr-to-gif/Opatterns/Muncombe Hill 7-14-2018/Muncombe Hill 7-14-2018.gif
2025-05-24 18:46:04,482 - INFO - HTML animation saved to /Users/goomini/Documents/GitHub/thr-to-gif/Opatterns/noise-cell/noise-cell.html
2025-05-24 18:46:04,482 - INFO - Exporting to GIF: /Users/goomini/Documents/GitHub/thr-to-gif/Opatterns/noise-cell/noise-cell.gif ...
2025-05-24 18:47:03,941 - INFO - GIF export completed: /Users/goomini/Documents/GitHub/thr-to-gif/Opatterns/noise-cell/noise-cell.gif
2025-05-24 18:47:04,055 - INFO - HTML animation saved to /Users/goomini/Documents/GitHub/thr-to-gif/Opatterns/noise-fish-scales-reversible/noise-fish-scales-reversible.html
2025-05-24 18:47:04,055 - INFO - Exporting to GIF: /Users/goomini/Documents/GitHub/thr-to-gif/Opatterns/noise-fish-scales-reversible/noise-fish-scales-reversible.gif ...
2025-05-24 18:48:03,503 - INFO - GIF export completed: /Users/goomini/Documents/GitHub/thr-to-gif/Opatterns/noise-fish-scales-reversible/noise-fish-scales-reversible.gif
2025-05-24 18:48:03,639 - INFO - HTML animation saved to /Users/goomini/Documents/GitHub/thr-to-gif/Opatterns/noise-square-reversible/noise-square-reversible.html
2025-05-24 18:48:03,639 - INFO - Exporting to GIF: /Users/goomini/Documents/GitHub/thr-to-gif/Opatterns/noise-square-reversible/noise-square-reversible.gif ...
2025-05-24 18:49:06,265 - INFO - GIF export completed: /Users/goomini/Documents/GitHub/thr-to-gif/Opatterns/noise-square-reversible/noise-square-reversible.gif
2025-05-24 18:49:06,395 - INFO - HTML animation saved to /Users/goomini/Documents/GitHub/thr-to-gif/Opatterns/noise-star-reversible/noise-star-reversible.html
2025-05-24 18:49:06,395 - INFO - Exporting to GIF: /Users/goomini/Documents/GitHub/thr-to-gif/Opatterns/noise-star-reversible/noise-star-reversible.gif ...
2025-05-24 18:50:08,403 - INFO - GIF export completed: /Users/goomini/Documents/GitHub/thr-to-gif/Opatterns/noise-star-reversible/noise-star-reversible.gif
2025-05-24 18:50:08,497 - INFO - HTML animation saved to /Users/goomini/Documents/GitHub/thr-to-gif/Opatterns/OareWiltshire 6-21-2010/OareWiltshire 6-21-2010.html
2025-05-24 18:50:08,498 - INFO - Exporting to GIF: /Users/goomini/Documents/GitHub/thr-to-gif/Opatterns/OareWiltshire 6-21-2010/OareWiltshire 6-21-2010.gif ...
2025-05-24 18:51:04,261 - INFO - GIF export completed: /Users/goomini/Documents/GitHub/thr-to-gif/Opatterns/OareWiltshire 6-21-2010/OareWiltshire 6-21-2010.gif
2025-05-24 18:51:04,361 - INFO - HTML animation saved to /Users/goomini/Documents/GitHub/thr-to-gif/Opatterns/pattern-gravity/pattern-gravity.html
2025-05-24 18:51:04,362 - INFO - Exporting to GIF: /Users/goomini/Documents/GitHub/thr-to-gif/Opatterns/pattern-gravity/pattern-gravity.gif ...
2025-05-24 18:52:05,436 - INFO - GIF export completed: /Users/goomini/Documents/GitHub/thr-to-gif/Opatterns/pattern-gravity/pattern-gravity.gif
2025-05-24 18:52:05,521 - INFO - HTML animation saved to /Users/goomini/Documents/GitHub/thr-to-gif/Opatterns/pattern-lindenmayer/pattern-lindenmayer.html
2025-05-24 18:52:05,521 - INFO - Exporting to GIF: /Users/goomini/Documents/GitHub/thr-to-gif/Opatterns/pattern-lindenmayer/pattern-lindenmayer.gif ...
2025-05-24 18:52:58,392 - INFO - GIF export completed: /Users/goomini/Documents/GitHub/thr-to-gif/Opatterns/pattern-lindenmayer/pattern-lindenmayer.gif
2025-05-24 18:52:58,476 - INFO - HTML animation saved to /Users/goomini/Documents/GitHub/thr-to-gif/Opatterns/pattern-rhodonea/pattern-rhodonea.html
2025-05-24 18:52:58,476 - INFO - Exporting to GIF: /Users/goomini/Documents/GitHub/thr-to-gif/Opatterns/pattern-rhodonea/pattern-rhodonea.gif ...
2025-05-24 18:53:51,417 - INFO - GIF export completed: /Users/goomini/Documents/GitHub/thr-to-gif/Opatterns/pattern-rhodonea/pattern-rhodonea.gif
2025-05-24 18:53:51,514 - INFO - HTML animation saved to /Users/goomini/Documents/GitHub/thr-to-gif/Opatterns/pattern-shapespin/pattern-shapespin.html
2025-05-24 18:53:51,514 - INFO - Exporting to GIF: /Users/goomini/Documents/GitHub/thr-to-gif/Opatterns/pattern-shapespin/pattern-shapespin.gif ...
2025-05-24 18:54:50,866 - INFO - GIF export completed: /Users/goomini/Documents/GitHub/thr-to-gif/Opatterns/pattern-shapespin/pattern-shapespin.gif
2025-05-24 18:54:50,934 - INFO - HTML animation saved to /Users/goomini/Documents/GitHub/thr-to-gif/Opatterns/pattern-spokes/pattern-spokes.html
2025-05-24 18:54:50,935 - INFO - Exporting to GIF: /Users/goomini/Documents/GitHub/thr-to-gif/Opatterns/pattern-spokes/pattern-spokes.gif ...
2025-05-24 18:55:46,618 - INFO - GIF export completed: /Users/goomini/Documents/GitHub/thr-to-gif/Opatterns/pattern-spokes/pattern-spokes.gif
2025-05-24 18:55:46,718 - INFO - HTML animation saved to /Users/goomini/Documents/GitHub/thr-to-gif/Opatterns/pattern-superellipse/pattern-superellipse.html
2025-05-24 18:55:46,718 - INFO - Exporting to GIF: /Users/goomini/Documents/GitHub/thr-to-gif/Opatterns/pattern-superellipse/pattern-superellipse.gif ...
2025-05-24 18:56:41,334 - INFO - GIF export completed: /Users/goomini/Documents/GitHub/thr-to-gif/Opatterns/pattern-superellipse/pattern-superellipse.gif
2025-05-24 18:56:41,445 - INFO - HTML animation saved to /Users/goomini/Documents/GitHub/thr-to-gif/Opatterns/penrose-2/penrose-2.html
2025-05-24 18:56:41,447 - INFO - Exporting to GIF: /Users/goomini/Documents/GitHub/thr-to-gif/Opatterns/penrose-2/penrose-2.gif ...
2025-05-24 18:57:33,449 - INFO - GIF export completed: /Users/goomini/Documents/GitHub/thr-to-gif/Opatterns/penrose-2/penrose-2.gif
2025-05-24 18:57:33,573 - INFO - HTML animation saved to /Users/goomini/Documents/GitHub/thr-to-gif/Opatterns/perlin-rings/perlin-rings.html
2025-05-24 18:57:33,573 - INFO - Exporting to GIF: /Users/goomini/Documents/GitHub/thr-to-gif/Opatterns/perlin-rings/perlin-rings.gif ...
2025-05-24 18:58:28,422 - INFO - GIF export completed: /Users/goomini/Documents/GitHub/thr-to-gif/Opatterns/perlin-rings/perlin-rings.gif
2025-05-24 18:58:28,511 - INFO - HTML animation saved to /Users/goomini/Documents/GitHub/thr-to-gif/Opatterns/Petalar/Petalar.html
2025-05-24 18:58:28,511 - INFO - Exporting to GIF: /Users/goomini/Documents/GitHub/thr-to-gif/Opatterns/Petalar/Petalar.gif ...
2025-05-24 18:59:27,308 - INFO - GIF export completed: /Users/goomini/Documents/GitHub/thr-to-gif/Opatterns/Petalar/Petalar.gif
2025-05-24 18:59:27,406 - INFO - HTML animation saved to /Users/goomini/Documents/GitHub/thr-to-gif/Opatterns/reuleaux/reuleaux.html
2025-05-24 18:59:27,407 - INFO - Exporting to GIF: /Users/goomini/Documents/GitHub/thr-to-gif/Opatterns/reuleaux/reuleaux.gif ...
2025-05-24 19:00:22,501 - INFO - GIF export completed: /Users/goomini/Documents/GitHub/thr-to-gif/Opatterns/reuleaux/reuleaux.gif
2025-05-24 19:00:22,604 - INFO - HTML animation saved to /Users/goomini/Documents/GitHub/thr-to-gif/Opatterns/rose_2/rose_2.html
2025-05-24 19:00:22,604 - INFO - Exporting to GIF: /Users/goomini/Documents/GitHub/thr-to-gif/Opatterns/rose_2/rose_2.gif ...
2025-05-24 19:01:21,170 - INFO - GIF export completed: /Users/goomini/Documents/GitHub/thr-to-gif/Opatterns/rose_2/rose_2.gif
2025-05-24 19:01:21,253 - INFO - HTML animation saved to /Users/goomini/Documents/GitHub/thr-to-gif/Opatterns/rose/rose.html
2025-05-24 19:01:21,253 - INFO - Exporting to GIF: /Users/goomini/Documents/GitHub/thr-to-gif/Opatterns/rose/rose.gif ...
2025-05-24 19:02:20,687 - INFO - GIF export completed: /Users/goomini/Documents/GitHub/thr-to-gif/Opatterns/rose/rose.gif
2025-05-24 19:02:20,769 - INFO - HTML animation saved to /Users/goomini/Documents/GitHub/thr-to-gif/Opatterns/sandify-01-connector/sandify-01-connector.html
2025-05-24 19:02:20,770 - INFO - Exporting to GIF: /Users/goomini/Documents/GitHub/thr-to-gif/Opatterns/sandify-01-connector/sandify-01-connector.gif ...
2025-05-24 19:03:13,176 - INFO - GIF export completed: /Users/goomini/Documents/GitHub/thr-to-gif/Opatterns/sandify-01-connector/sandify-01-connector.gif
2025-05-24 19:03:13,271 - INFO - HTML animation saved to /Users/goomini/Documents/GitHub/thr-to-gif/Opatterns/sawtooth/sawtooth.html
2025-05-24 19:03:13,271 - INFO - Exporting to GIF: /Users/goomini/Documents/GitHub/thr-to-gif/Opatterns/sawtooth/sawtooth.gif ...
2025-05-24 19:04:09,999 - INFO - GIF export completed: /Users/goomini/Documents/GitHub/thr-to-gif/Opatterns/sawtooth/sawtooth.gif
2025-05-24 19:04:10,137 - INFO - HTML animation saved to /Users/goomini/Documents/GitHub/thr-to-gif/Opatterns/shell (1)/shell (1).html
2025-05-24 19:04:10,137 - INFO - Exporting to GIF: /Users/goomini/Documents/GitHub/thr-to-gif/Opatterns/shell (1)/shell (1).gif ...
2025-05-24 19:05:13,021 - INFO - GIF export completed: /Users/goomini/Documents/GitHub/thr-to-gif/Opatterns/shell (1)/shell (1).gif
2025-05-24 19:05:13,110 - INFO - HTML animation saved to /Users/goomini/Documents/GitHub/thr-to-gif/Opatterns/sierpinski_square/sierpinski_square.html
2025-05-24 19:05:13,110 - INFO - Exporting to GIF: /Users/goomini/Documents/GitHub/thr-to-gif/Opatterns/sierpinski_square/sierpinski_square.gif ...
2025-05-24 19:06:07,950 - INFO - GIF export completed: /Users/goomini/Documents/GitHub/thr-to-gif/Opatterns/sierpinski_square/sierpinski_square.gif
2025-05-24 19:06:08,052 - INFO - HTML animation saved to /Users/goomini/Documents/GitHub/thr-to-gif/Opatterns/sierpinski/sierpinski.html
2025-05-24 19:06:08,052 - INFO - Exporting to GIF: /Users/goomini/Documents/GitHub/thr-to-gif/Opatterns/sierpinski/sierpinski.gif ...
2025-05-24 19:07:01,688 - INFO - GIF export completed: /Users/goomini/Documents/GitHub/thr-to-gif/Opatterns/sierpinski/sierpinski.gif
2025-05-24 19:07:01,773 - INFO - HTML animation saved to /Users/goomini/Documents/GitHub/thr-to-gif/Opatterns/SierpinskiTriangle (1)/SierpinskiTriangle (1).html
2025-05-24 19:07:01,773 - INFO - Exporting to GIF: /Users/goomini/Documents/GitHub/thr-to-gif/Opatterns/SierpinskiTriangle (1)/SierpinskiTriangle (1).gif ...
2025-05-24 19:07:56,491 - INFO - GIF export completed: /Users/goomini/Documents/GitHub/thr-to-gif/Opatterns/SierpinskiTriangle (1)/SierpinskiTriangle (1).gif
2025-05-24 19:07:56,575 - INFO - HTML animation saved to /Users/goomini/Documents/GitHub/thr-to-gif/Opatterns/SimpleRadiance/SimpleRadiance.html
2025-05-24 19:07:56,575 - INFO - Exporting to GIF: /Users/goomini/Documents/GitHub/thr-to-gif/Opatterns/SimpleRadiance/SimpleRadiance.gif ...
2025-05-24 19:08:58,016 - INFO - GIF export completed: /Users/goomini/Documents/GitHub/thr-to-gif/Opatterns/SimpleRadiance/SimpleRadiance.gif
2025-05-24 19:08:58,108 - INFO - HTML animation saved to /Users/goomini/Documents/GitHub/thr-to-gif/Opatterns/SineVsBezier2/SineVsBezier2.html
2025-05-24 19:08:58,108 - INFO - Exporting to GIF: /Users/goomini/Documents/GitHub/thr-to-gif/Opatterns/SineVsBezier2/SineVsBezier2.gif ...
2025-05-24 19:09:57,978 - INFO - GIF export completed: /Users/goomini/Documents/GitHub/thr-to-gif/Opatterns/SineVsBezier2/SineVsBezier2.gif
2025-05-24 19:09:58,079 - INFO - HTML animation saved to /Users/goomini/Documents/GitHub/thr-to-gif/Opatterns/SixPennyHandley 4-6-2009/SixPennyHandley 4-6-2009.html
2025-05-24 19:09:58,080 - INFO - Exporting to GIF: /Users/goomini/Documents/GitHub/thr-to-gif/Opatterns/SixPennyHandley 4-6-2009/SixPennyHandley 4-6-2009.gif ...
2025-05-24 19:10:53,473 - INFO - GIF export completed: /Users/goomini/Documents/GitHub/thr-to-gif/Opatterns/SixPennyHandley 4-6-2009/SixPennyHandley 4-6-2009.gif
2025-05-24 19:10:53,565 - INFO - HTML animation saved to /Users/goomini/Documents/GitHub/thr-to-gif/Opatterns/snowflake/snowflake.html
2025-05-24 19:10:53,565 - INFO - Exporting to GIF: /Users/goomini/Documents/GitHub/thr-to-gif/Opatterns/snowflake/snowflake.gif ...
2025-05-24 19:11:52,482 - INFO - GIF export completed: /Users/goomini/Documents/GitHub/thr-to-gif/Opatterns/snowflake/snowflake.gif
2025-05-24 19:11:52,573 - INFO - HTML animation saved to /Users/goomini/Documents/GitHub/thr-to-gif/Opatterns/sparse_sawtooth/sparse_sawtooth.html
2025-05-24 19:11:52,573 - INFO - Exporting to GIF: /Users/goomini/Documents/GitHub/thr-to-gif/Opatterns/sparse_sawtooth/sparse_sawtooth.gif ...
2025-05-24 19:12:48,132 - INFO - GIF export completed: /Users/goomini/Documents/GitHub/thr-to-gif/Opatterns/sparse_sawtooth/sparse_sawtooth.gif
2025-05-24 19:12:48,274 - INFO - HTML animation saved to /Users/goomini/Documents/GitHub/thr-to-gif/Opatterns/spiral_triangle/spiral_triangle.html
2025-05-24 19:12:48,274 - INFO - Exporting to GIF: /Users/goomini/Documents/GitHub/thr-to-gif/Opatterns/spiral_triangle/spiral_triangle.gif ...
2025-05-24 19:13:57,115 - INFO - GIF export completed: /Users/goomini/Documents/GitHub/thr-to-gif/Opatterns/spiral_triangle/spiral_triangle.gif
2025-05-24 19:13:57,227 - INFO - HTML animation saved to /Users/goomini/Documents/GitHub/thr-to-gif/Opatterns/Spiral6/Spiral6.html
2025-05-24 19:13:57,227 - INFO - Exporting to GIF: /Users/goomini/Documents/GitHub/thr-to-gif/Opatterns/Spiral6/Spiral6.gif ...
2025-05-24 19:15:03,364 - INFO - GIF export completed: /Users/goomini/Documents/GitHub/thr-to-gif/Opatterns/Spiral6/Spiral6.gif
2025-05-24 19:15:03,479 - INFO - HTML animation saved to /Users/goomini/Documents/GitHub/thr-to-gif/Opatterns/SpiralBezier (1)/SpiralBezier (1).html
2025-05-24 19:15:03,479 - INFO - Exporting to GIF: /Users/goomini/Documents/GitHub/thr-to-gif/Opatterns/SpiralBezier (1)/SpiralBezier (1).gif ...
2025-05-24 19:16:05,945 - INFO - GIF export completed: /Users/goomini/Documents/GitHub/thr-to-gif/Opatterns/SpiralBezier (1)/SpiralBezier (1).gif
2025-05-24 19:16:06,086 - INFO - HTML animation saved to /Users/goomini/Documents/GitHub/thr-to-gif/Opatterns/SpiralGyrations-2/SpiralGyrations-2.html
2025-05-24 19:16:06,086 - INFO - Exporting to GIF: /Users/goomini/Documents/GitHub/thr-to-gif/Opatterns/SpiralGyrations-2/SpiralGyrations-2.gif ...
2025-05-24 19:17:12,342 - INFO - GIF export completed: /Users/goomini/Documents/GitHub/thr-to-gif/Opatterns/SpiralGyrations-2/SpiralGyrations-2.gif
2025-05-24 19:17:12,429 - INFO - HTML animation saved to /Users/goomini/Documents/GitHub/thr-to-gif/Opatterns/Sponge/Sponge.html
2025-05-24 19:17:12,429 - INFO - Exporting to GIF: /Users/goomini/Documents/GitHub/thr-to-gif/Opatterns/Sponge/Sponge.gif ...
2025-05-24 19:18:12,616 - INFO - GIF export completed: /Users/goomini/Documents/GitHub/thr-to-gif/Opatterns/Sponge/Sponge.gif
2025-05-24 19:18:12,731 - INFO - HTML animation saved to /Users/goomini/Documents/GitHub/thr-to-gif/Opatterns/square_erase2/square_erase2.html
2025-05-24 19:18:12,732 - INFO - Exporting to GIF: /Users/goomini/Documents/GitHub/thr-to-gif/Opatterns/square_erase2/square_erase2.gif ...
2025-05-24 19:19:15,628 - INFO - GIF export completed: /Users/goomini/Documents/GitHub/thr-to-gif/Opatterns/square_erase2/square_erase2.gif
2025-05-24 19:19:15,719 - INFO - HTML animation saved to /Users/goomini/Documents/GitHub/thr-to-gif/Opatterns/square_rotate/square_rotate.html
2025-05-24 19:19:15,719 - INFO - Exporting to GIF: /Users/goomini/Documents/GitHub/thr-to-gif/Opatterns/square_rotate/square_rotate.gif ...
2025-05-24 19:20:11,421 - INFO - GIF export completed: /Users/goomini/Documents/GitHub/thr-to-gif/Opatterns/square_rotate/square_rotate.gif
2025-05-24 19:20:11,491 - INFO - HTML animation saved to /Users/goomini/Documents/GitHub/thr-to-gif/Opatterns/square/square.html
2025-05-24 19:20:11,491 - INFO - Exporting to GIF: /Users/goomini/Documents/GitHub/thr-to-gif/Opatterns/square/square.gif ...
2025-05-24 19:21:04,143 - INFO - GIF export completed: /Users/goomini/Documents/GitHub/thr-to-gif/Opatterns/square/square.gif
2025-05-24 19:21:04,228 - INFO - HTML animation saved to /Users/goomini/Documents/GitHub/thr-to-gif/Opatterns/star/star.html
2025-05-24 19:21:04,228 - INFO - Exporting to GIF: /Users/goomini/Documents/GitHub/thr-to-gif/Opatterns/star/star.gif ...
2025-05-24 19:21:56,838 - INFO - GIF export completed: /Users/goomini/Documents/GitHub/thr-to-gif/Opatterns/star/star.gif
2025-05-24 19:21:56,925 - INFO - HTML animation saved to /Users/goomini/Documents/GitHub/thr-to-gif/Opatterns/StarryNight/StarryNight.html
2025-05-24 19:21:56,925 - INFO - Exporting to GIF: /Users/goomini/Documents/GitHub/thr-to-gif/Opatterns/StarryNight/StarryNight.gif ...
2025-05-24 19:22:53,394 - INFO - GIF export completed: /Users/goomini/Documents/GitHub/thr-to-gif/Opatterns/StarryNight/StarryNight.gif
2025-05-24 19:22:53,499 - INFO - HTML animation saved to /Users/goomini/Documents/GitHub/thr-to-gif/Opatterns/stars/stars.html
2025-05-24 19:22:53,499 - INFO - Exporting to GIF: /Users/goomini/Documents/GitHub/thr-to-gif/Opatterns/stars/stars.gif ...
2025-05-24 19:23:48,188 - INFO - GIF export completed: /Users/goomini/Documents/GitHub/thr-to-gif/Opatterns/stars/stars.gif
2025-05-24 19:23:48,272 - INFO - HTML animation saved to /Users/goomini/Documents/GitHub/thr-to-gif/Opatterns/swirl-01-connector/swirl-01-connector.html
2025-05-24 19:23:48,272 - INFO - Exporting to GIF: /Users/goomini/Documents/GitHub/thr-to-gif/Opatterns/swirl-01-connector/swirl-01-connector.gif ...
2025-05-24 19:24:40,830 - INFO - GIF export completed: /Users/goomini/Documents/GitHub/thr-to-gif/Opatterns/swirl-01-connector/swirl-01-connector.gif
2025-05-24 19:24:40,935 - INFO - HTML animation saved to /Users/goomini/Documents/GitHub/thr-to-gif/Opatterns/swirl-overlay/swirl-overlay.html
2025-05-24 19:24:40,935 - INFO - Exporting to GIF: /Users/goomini/Documents/GitHub/thr-to-gif/Opatterns/swirl-overlay/swirl-overlay.gif ...
2025-05-24 19:25:34,719 - INFO - GIF export completed: /Users/goomini/Documents/GitHub/thr-to-gif/Opatterns/swirl-overlay/swirl-overlay.gif
2025-05-24 19:25:34,808 - INFO - HTML animation saved to /Users/goomini/Documents/GitHub/thr-to-gif/Opatterns/Swirly1/Swirly1.html
2025-05-24 19:25:34,809 - INFO - Exporting to GIF: /Users/goomini/Documents/GitHub/thr-to-gif/Opatterns/Swirly1/Swirly1.gif ...
2025-05-24 19:26:34,640 - INFO - GIF export completed: /Users/goomini/Documents/GitHub/thr-to-gif/Opatterns/Swirly1/Swirly1.gif
2025-05-24 19:26:34,734 - INFO - HTML animation saved to /Users/goomini/Documents/GitHub/thr-to-gif/Opatterns/SwoopyRadiance/SwoopyRadiance.html
2025-05-24 19:26:34,734 - INFO - Exporting to GIF: /Users/goomini/Documents/GitHub/thr-to-gif/Opatterns/SwoopyRadiance/SwoopyRadiance.gif ...
2025-05-24 19:27:34,629 - INFO - GIF export completed: /Users/goomini/Documents/GitHub/thr-to-gif/Opatterns/SwoopyRadiance/SwoopyRadiance.gif
2025-05-24 19:27:34,719 - INFO - HTML animation saved to /Users/goomini/Documents/GitHub/thr-to-gif/Opatterns/tesselation_twist/tesselation_twist.html
2025-05-24 19:27:34,720 - INFO - Exporting to GIF: /Users/goomini/Documents/GitHub/thr-to-gif/Opatterns/tesselation_twist/tesselation_twist.gif ...
2025-05-24 19:28:27,618 - INFO - GIF export completed: /Users/goomini/Documents/GitHub/thr-to-gif/Opatterns/tesselation_twist/tesselation_twist.gif
2025-05-24 19:28:27,711 - INFO - HTML animation saved to /Users/goomini/Documents/GitHub/thr-to-gif/Opatterns/TriangleSwoop/TriangleSwoop.html
2025-05-24 19:28:27,711 - INFO - Exporting to GIF: /Users/goomini/Documents/GitHub/thr-to-gif/Opatterns/TriangleSwoop/TriangleSwoop.gif ...
2025-05-24 19:29:23,320 - INFO - GIF export completed: /Users/goomini/Documents/GitHub/thr-to-gif/Opatterns/TriangleSwoop/TriangleSwoop.gif
2025-05-24 19:29:23,411 - INFO - HTML animation saved to /Users/goomini/Documents/GitHub/thr-to-gif/Opatterns/web/web.html
2025-05-24 19:29:23,411 - INFO - Exporting to GIF: /Users/goomini/Documents/GitHub/thr-to-gif/Opatterns/web/web.gif ...
2025-05-24 19:30:20,795 - INFO - GIF export completed: /Users/goomini/Documents/GitHub/thr-to-gif/Opatterns/web/web.gif
2025-05-24 19:30:20,879 - INFO - HTML animation saved to /Users/goomini/Documents/GitHub/thr-to-gif/Opatterns/whale-3/whale-3.html
2025-05-24 19:30:20,879 - INFO - Exporting to GIF: /Users/goomini/Documents/GitHub/thr-to-gif/Opatterns/whale-3/whale-3.gif ...
2025-05-24 19:31:13,296 - INFO - GIF export completed: /Users/goomini/Documents/GitHub/thr-to-gif/Opatterns/whale-3/whale-3.gif
2025-05-24 19:31:13,375 - INFO - HTML animation saved to /Users/goomini/Documents/GitHub/thr-to-gif/Opatterns/WiltonWindmill 5-22-2010/WiltonWindmill 5-22-2010.html
2025-05-24 19:31:13,375 - INFO - Exporting to GIF: /Users/goomini/Documents/GitHub/thr-to-gif/Opatterns/WiltonWindmill 5-22-2010/WiltonWindmill 5-22-2010.gif ...
2025-05-24 19:32:06,644 - INFO - GIF export completed: /Users/goomini/Documents/GitHub/thr-to-gif/Opatterns/WiltonWindmill 5-22-2010/WiltonWindmill 5-22-2010.gif
2025-05-24 19:32:06,747 - INFO - HTML animation saved to /Users/goomini/Documents/GitHub/thr-to-gif/Opatterns/WinterbourneBassett 6-1-1997/WinterbourneBassett 6-1-1997.html
2025-05-24 19:32:06,747 - INFO - Exporting to GIF: /Users/goomini/Documents/GitHub/thr-to-gif/Opatterns/WinterbourneBassett 6-1-1997/WinterbourneBassett 6-1-1997.gif ...
2025-05-24 19:33:01,925 - INFO - GIF export completed: /Users/goomini/Documents/GitHub/thr-to-gif/Opatterns/WinterbourneBassett 6-1-1997/WinterbourneBassett 6-1-1997.gif
2025-05-24 19:33:02,012 - INFO - HTML animation saved to /Users/goomini/Documents/GitHub/thr-to-gif/Opatterns/WinterbourneStokeDown 7-18-2018/WinterbourneStokeDown 7-18-2018.html
2025-05-24 19:33:02,012 - INFO - Exporting to GIF: /Users/goomini/Documents/GitHub/thr-to-gif/Opatterns/WinterbourneStokeDown 7-18-2018/WinterbourneStokeDown 7-18-2018.gif ...
2025-05-24 19:33:57,092 - INFO - GIF export completed: /Users/goomini/Documents/GitHub/thr-to-gif/Opatterns/WinterbourneStokeDown 7-18-2018/WinterbourneStokeDown 7-18-2018.gif
2025-05-24 19:33:57,193 - INFO - HTML animation saved to /Users/goomini/Documents/GitHub/thr-to-gif/Opatterns/wiper-01-reversible/wiper-01-reversible.html
2025-05-24 19:33:57,193 - INFO - Exporting to GIF: /Users/goomini/Documents/GitHub/thr-to-gif/Opatterns/wiper-01-reversible/wiper-01-reversible.gif ...
2025-05-24 19:34:49,225 - INFO - GIF export completed: /Users/goomini/Documents/GitHub/thr-to-gif/Opatterns/wiper-01-reversible/wiper-01-reversible.gif
2025-05-24 19:34:49,315 - INFO - HTML animation saved to /Users/goomini/Documents/GitHub/thr-to-gif/Opatterns/wormhole/wormhole.html
2025-05-24 19:34:49,315 - INFO - Exporting to GIF: /Users/goomini/Documents/GitHub/thr-to-gif/Opatterns/wormhole/wormhole.gif ...
2025-05-24 19:35:44,926 - INFO - GIF export completed: /Users/goomini/Documents/GitHub/thr-to-gif/Opatterns/wormhole/wormhole.gif
2025-05-24 19:35:45,035 - INFO - HTML animation saved to /Users/goomini/Documents/GitHub/thr-to-gif/Opatterns/yin-yang/yin-yang.html
2025-05-24 19:35:45,035 - INFO - Exporting to GIF: /Users/goomini/Documents/GitHub/thr-to-gif/Opatterns/yin-yang/yin-yang.gif ...
2025-05-24 19:36:43,878 - INFO - GIF export completed: /Users/goomini/Documents/GitHub/thr-to-gif/Opatterns/yin-yang/yin-yang.gif
2025-05-24 19:36:43,960 - INFO - HTML animation saved to /Users/goomini/Documents/GitHub/thr-to-gif/Opatterns/zigzag-01-connector/zigzag-01-connector.html
2025-05-24 19:36:43,960 - INFO - Exporting to GIF: /Users/goomini/Documents/GitHub/thr-to-gif/Opatterns/zigzag-01-connector/zigzag-01-connector.gif ...
2025-05-24 19:37:36,427 - INFO - GIF export completed: /Users/goomini/Documents/GitHub/thr-to-gif/Opatterns/zigzag-01-connector/zigzag-01-connector.gif
2025-05-24 22:17:03,495 - INFO - HTML animation saved to /Users/goomini/Documents/GitHub/thr-to-gif/unknown/unknown.html
2025-05-24 22:17:03,498 - INFO - Exporting to GIF: /Users/goomini/Documents/GitHub/thr-to-gif/unknown/unknown.gif ...
2025-05-24 22:17:59,097 - INFO - GIF export completed: /Users/goomini/Documents/GitHub/thr-to-gif/unknown/unknown.gif
2025-05-24 22:22:11,784 - INFO - HTML animation saved to /Users/goomini/Documents/GitHub/thr-to-gif/skull/skull.html
2025-05-24 22:22:11,785 - INFO - Exporting to GIF: /Users/goomini/Documents/GitHub/thr-to-gif/skull/skull.gif ...
2025-05-24 22:23:05,473 - INFO - GIF export completed: /Users/goomini/Documents/GitHub/thr-to-gif/skull/skull.gif
2025-05-29 18:06:24,460 - INFO - HTML animation saved to /Users/goomini/Documents/GitHub/thr-to-gif/Import/knot/knot.html
2025-05-29 18:06:24,462 - INFO - Exporting to GIF: /Users/goomini/Documents/GitHub/thr-to-gif/Import/knot/knot.gif ...
2025-05-29 18:07:24,831 - INFO - GIF export completed: /Users/goomini/Documents/GitHub/thr-to-gif/Import/knot/knot.gif
2025-05-29 18:07:24,992 - INFO - HTML animation saved to /Users/goomini/Documents/GitHub/thr-to-gif/Import/muhtwux/muhtwux.html
2025-05-29 18:07:24,993 - INFO - Exporting to GIF: /Users/goomini/Documents/GitHub/thr-to-gif/Import/muhtwux/muhtwux.gif ...
2025-05-29 18:08:23,214 - INFO - GIF export completed: /Users/goomini/Documents/GitHub/thr-to-gif/Import/muhtwux/muhtwux.gif
2025-05-29 18:08:23,365 - INFO - HTML animation saved to /Users/goomini/Documents/GitHub/thr-to-gif/Import/response/response.html
2025-05-29 18:08:23,365 - INFO - Exporting to GIF: /Users/goomini/Documents/GitHub/thr-to-gif/Import/response/response.gif ...
2025-05-29 18:09:17,852 - INFO - GIF export completed: /Users/goomini/Documents/GitHub/thr-to-gif/Import/response/response.gif
2025-05-29 18:09:18,059 - INFO - HTML animation saved to /Users/goomini/Documents/GitHub/thr-to-gif/Import/skull/skull.html
2025-05-29 18:09:18,059 - INFO - Exporting to GIF: /Users/goomini/Documents/GitHub/thr-to-gif/Import/skull/skull.gif ...
2025-05-29 18:10:12,909 - INFO - GIF export completed: /Users/goomini/Documents/GitHub/thr-to-gif/Import/skull/skull.gif
2025-05-29 18:10:13,031 - INFO - HTML animation saved to /Users/goomini/Documents/GitHub/thr-to-gif/Import/swirl_overlay/swirl_overlay.html
2025-05-29 18:10:13,031 - INFO - Exporting to GIF: /Users/goomini/Documents/GitHub/thr-to-gif/Import/swirl_overlay/swirl_overlay.gif ...
2025-05-29 18:11:06,071 - INFO - GIF export completed: /Users/goomini/Documents/GitHub/thr-to-gif/Import/swirl_overlay/swirl_overlay.gif
2025-05-29 18:11:06,252 - INFO - HTML animation saved to /Users/goomini/Documents/GitHub/thr-to-gif/Import/the scream/the scream.html
2025-05-29 18:11:06,252 - INFO - Exporting to GIF: /Users/goomini/Documents/GitHub/thr-to-gif/Import/the scream/the scream.gif ...
2025-05-29 18:12:07,717 - INFO - GIF export completed: /Users/goomini/Documents/GitHub/thr-to-gif/Import/the scream/the scream.gif
2025-05-29 18:12:07,820 - INFO - HTML animation saved to /Users/goomini/Documents/GitHub/thr-to-gif/Import/tucan/tucan.html
2025-05-29 18:12:07,820 - INFO - Exporting to GIF: /Users/goomini/Documents/GitHub/thr-to-gif/Import/tucan/tucan.gif ...
2025-05-29 18:13:00,151 - INFO - GIF export completed: /Users/goomini/Documents/GitHub/thr-to-gif/Import/tucan/tucan.gif
